Archive member included to satisfy reference by file (symbol)

c:/st/stm32cubeide_1.0.2/stm32cubeide/plugins/com.st.stm32cube.ide.mcu.externaltools.gnu-tools-for-stm32.7-2018-q2-update.win32_1.0.0.201904181610/tools/bin/../lib/gcc/arm-none-eabi/7.3.1/../../../../arm-none-eabi/lib/thumb/v6-m\libc_nano.a(lib_a-errno.o)
                              Core/Src/syscalls.o (__errno)
c:/st/stm32cubeide_1.0.2/stm32cubeide/plugins/com.st.stm32cube.ide.mcu.externaltools.gnu-tools-for-stm32.7-2018-q2-update.win32_1.0.0.201904181610/tools/bin/../lib/gcc/arm-none-eabi/7.3.1/../../../../arm-none-eabi/lib/thumb/v6-m\libc_nano.a(lib_a-exit.o)
                              c:/st/stm32cubeide_1.0.2/stm32cubeide/plugins/com.st.stm32cube.ide.mcu.externaltools.gnu-tools-for-stm32.7-2018-q2-update.win32_1.0.0.201904181610/tools/bin/../lib/gcc/arm-none-eabi/7.3.1/../../../../arm-none-eabi/lib/thumb/v6-m/crt0.o (exit)
c:/st/stm32cubeide_1.0.2/stm32cubeide/plugins/com.st.stm32cube.ide.mcu.externaltools.gnu-tools-for-stm32.7-2018-q2-update.win32_1.0.0.201904181610/tools/bin/../lib/gcc/arm-none-eabi/7.3.1/../../../../arm-none-eabi/lib/thumb/v6-m\libc_nano.a(lib_a-impure.o)
                              c:/st/stm32cubeide_1.0.2/stm32cubeide/plugins/com.st.stm32cube.ide.mcu.externaltools.gnu-tools-for-stm32.7-2018-q2-update.win32_1.0.0.201904181610/tools/bin/../lib/gcc/arm-none-eabi/7.3.1/../../../../arm-none-eabi/lib/thumb/v6-m\libc_nano.a(lib_a-exit.o) (_global_impure_ptr)
c:/st/stm32cubeide_1.0.2/stm32cubeide/plugins/com.st.stm32cube.ide.mcu.externaltools.gnu-tools-for-stm32.7-2018-q2-update.win32_1.0.0.201904181610/tools/bin/../lib/gcc/arm-none-eabi/7.3.1/../../../../arm-none-eabi/lib/thumb/v6-m\libc_nano.a(lib_a-init.o)
                              c:/st/stm32cubeide_1.0.2/stm32cubeide/plugins/com.st.stm32cube.ide.mcu.externaltools.gnu-tools-for-stm32.7-2018-q2-update.win32_1.0.0.201904181610/tools/bin/../lib/gcc/arm-none-eabi/7.3.1/../../../../arm-none-eabi/lib/thumb/v6-m/crt0.o (__libc_init_array)
c:/st/stm32cubeide_1.0.2/stm32cubeide/plugins/com.st.stm32cube.ide.mcu.externaltools.gnu-tools-for-stm32.7-2018-q2-update.win32_1.0.0.201904181610/tools/bin/../lib/gcc/arm-none-eabi/7.3.1/../../../../arm-none-eabi/lib/thumb/v6-m\libc_nano.a(lib_a-memset.o)
                              c:/st/stm32cubeide_1.0.2/stm32cubeide/plugins/com.st.stm32cube.ide.mcu.externaltools.gnu-tools-for-stm32.7-2018-q2-update.win32_1.0.0.201904181610/tools/bin/../lib/gcc/arm-none-eabi/7.3.1/../../../../arm-none-eabi/lib/thumb/v6-m/crt0.o (memset)
c:/st/stm32cubeide_1.0.2/stm32cubeide/plugins/com.st.stm32cube.ide.mcu.externaltools.gnu-tools-for-stm32.7-2018-q2-update.win32_1.0.0.201904181610/tools/bin/../lib/gcc/arm-none-eabi/7.3.1/../../../../arm-none-eabi/lib/thumb/v6-m\libc_nano.a(lib_a-rand.o)
                              Core/Src/dali.o (srand)
c:/st/stm32cubeide_1.0.2/stm32cubeide/plugins/com.st.stm32cube.ide.mcu.externaltools.gnu-tools-for-stm32.7-2018-q2-update.win32_1.0.0.201904181610/tools/bin/../lib/gcc/arm-none-eabi/7.3.1/../../../../arm-none-eabi/lib/thumb/v6-m\libc_nano.a(lib_a-time.o)
                              Core/Src/dali.o (time)
c:/st/stm32cubeide_1.0.2/stm32cubeide/plugins/com.st.stm32cube.ide.mcu.externaltools.gnu-tools-for-stm32.7-2018-q2-update.win32_1.0.0.201904181610/tools/bin/../lib/gcc/arm-none-eabi/7.3.1/../../../../arm-none-eabi/lib/thumb/v6-m\libc_nano.a(lib_a-gettimeofdayr.o)
                              c:/st/stm32cubeide_1.0.2/stm32cubeide/plugins/com.st.stm32cube.ide.mcu.externaltools.gnu-tools-for-stm32.7-2018-q2-update.win32_1.0.0.201904181610/tools/bin/../lib/gcc/arm-none-eabi/7.3.1/../../../../arm-none-eabi/lib/thumb/v6-m\libc_nano.a(lib_a-time.o) (_gettimeofday_r)
c:/st/stm32cubeide_1.0.2/stm32cubeide/plugins/com.st.stm32cube.ide.mcu.externaltools.gnu-tools-for-stm32.7-2018-q2-update.win32_1.0.0.201904181610/tools/bin/../lib/gcc/arm-none-eabi/7.3.1/../../../../arm-none-eabi/lib/thumb/v6-m\libc_nano.a(lib_a-malloc.o)
                              c:/st/stm32cubeide_1.0.2/stm32cubeide/plugins/com.st.stm32cube.ide.mcu.externaltools.gnu-tools-for-stm32.7-2018-q2-update.win32_1.0.0.201904181610/tools/bin/../lib/gcc/arm-none-eabi/7.3.1/../../../../arm-none-eabi/lib/thumb/v6-m\libc_nano.a(lib_a-rand.o) (malloc)
c:/st/stm32cubeide_1.0.2/stm32cubeide/plugins/com.st.stm32cube.ide.mcu.externaltools.gnu-tools-for-stm32.7-2018-q2-update.win32_1.0.0.201904181610/tools/bin/../lib/gcc/arm-none-eabi/7.3.1/../../../../arm-none-eabi/lib/thumb/v6-m\libc_nano.a(lib_a-nano-freer.o)
                              c:/st/stm32cubeide_1.0.2/stm32cubeide/plugins/com.st.stm32cube.ide.mcu.externaltools.gnu-tools-for-stm32.7-2018-q2-update.win32_1.0.0.201904181610/tools/bin/../lib/gcc/arm-none-eabi/7.3.1/../../../../arm-none-eabi/lib/thumb/v6-m\libc_nano.a(lib_a-malloc.o) (_free_r)
[...]
Memory Configuration

Name             Origin             Length             Attributes
RAM              0x0000000020000000 0x0000000000002000 xrw
FLASH            0x0000000008000000 0x0000000000010000 xr
*default*        0x0000000000000000 0xffffffffffffffff

Linker script and memory map

LOAD c:/st/stm32cubeide_1.0.2/stm32cubeide/plugins/com.st.stm32cube.ide.mcu.externaltools.gnu-tools-for-stm32.7-2018-q2-update.win32_1.0.0.201904181610/tools/bin/../lib/gcc/arm-none-eabi/7.3.1/thumb/v6-m/crti.o
LOAD c:/st/stm32cubeide_1.0.2/stm32cubeide/plugins/com.st.stm32cube.ide.mcu.externaltools.gnu-tools-for-stm32.7-2018-q2-update.win32_1.0.0.201904181610/tools/bin/../lib/gcc/arm-none-eabi/7.3.1/thumb/v6-m/crtbegin.o
LOAD c:/st/stm32cubeide_1.0.2/stm32cubeide/plugins/com.st.stm32cube.ide.mcu.externaltools.gnu-tools-for-stm32.7-2018-q2-update.win32_1.0.0.201904181610/tools/bin/../lib/gcc/arm-none-eabi/7.3.1/../../../../arm-none-eabi/lib/thumb/v6-m/crt0.o
LOAD Core/Src/adc.o
LOAD Core/Src/dali.o
LOAD Core/Src/dali_application.o
LOAD Core/Src/dali_memory.o
LOAD Core/Src/gpio.o
LOAD Core/Src/iwdg.o
LOAD Core/Src/main.o
LOAD Core/Src/stm32f0xx_hal_msp.o
LOAD Core/Src/stm32f0xx_it.o
LOAD Core/Src/syscalls.o
LOAD Core/Src/sysmem.o
LOAD Core/Src/system_stm32f0xx.o
LOAD Core/Src/tim.o
LOAD Core/Startup/startup_stm32f051k8ux.o
LOAD Drivers/STM32F0xx_HAL_Driver/Src/stm32f0xx_hal.o
LOAD Drivers/STM32F0xx_HAL_Driver/Src/stm32f0xx_hal_adc.o
LOAD Drivers/STM32F0xx_HAL_Driver/Src/stm32f0xx_hal_adc_ex.o
LOAD Drivers/STM32F0xx_HAL_Driver/Src/stm32f0xx_hal_cortex.o
LOAD Drivers/STM32F0xx_HAL_Driver/Src/stm32f0xx_hal_dma.o
LOAD Drivers/STM32F0xx_HAL_Driver/Src/stm32f0xx_hal_exti.o
LOAD Drivers/STM32F0xx_HAL_Driver/Src/stm32f0xx_hal_flash.o
LOAD Drivers/STM32F0xx_HAL_Driver/Src/stm32f0xx_hal_flash_ex.o
LOAD Drivers/STM32F0xx_HAL_Driver/Src/stm32f0xx_hal_gpio.o
LOAD Drivers/STM32F0xx_HAL_Driver/Src/stm32f0xx_hal_i2c.o
LOAD Drivers/STM32F0xx_HAL_Driver/Src/stm32f0xx_hal_i2c_ex.o
LOAD Drivers/STM32F0xx_HAL_Driver/Src/stm32f0xx_hal_iwdg.o
LOAD Drivers/STM32F0xx_HAL_Driver/Src/stm32f0xx_hal_pwr.o
LOAD Drivers/STM32F0xx_HAL_Driver/Src/stm32f0xx_hal_pwr_ex.o
LOAD Drivers/STM32F0xx_HAL_Driver/Src/stm32f0xx_hal_rcc.o
LOAD Drivers/STM32F0xx_HAL_Driver/Src/stm32f0xx_hal_rcc_ex.o
LOAD Drivers/STM32F0xx_HAL_Driver/Src/stm32f0xx_hal_tim.o
LOAD Drivers/STM32F0xx_HAL_Driver/Src/stm32f0xx_hal_tim_ex.o
START GROUP
LOAD c:/st/stm32cubeide_1.0.2/stm32cubeide/plugins/com.st.stm32cube.ide.mcu.externaltools.gnu-tools-for-stm32.7-2018-q2-update.win32_1.0.0.201904181610/tools/bin/../lib/gcc/arm-none-eabi/7.3.1/../../../../arm-none-eabi/lib/thumb/v6-m\libc_nano.a
LOAD c:/st/stm32cubeide_1.0.2/stm32cubeide/plugins/com.st.stm32cube.ide.mcu.externaltools.gnu-tools-for-stm32.7-2018-q2-update.win32_1.0.0.201904181610/tools/bin/../lib/gcc/arm-none-eabi/7.3.1/../../../../arm-none-eabi/lib/thumb/v6-m\libm.a
END GROUP
START GROUP
LOAD c:/st/stm32cubeide_1.0.2/stm32cubeide/plugins/com.st.stm32cube.ide.mcu.externaltools.gnu-tools-for-stm32.7-2018-q2-update.win32_1.0.0.201904181610/tools/bin/../lib/gcc/arm-none-eabi/7.3.1/thumb/v6-m\libgcc.a
LOAD c:/st/stm32cubeide_1.0.2/stm32cubeide/plugins/com.st.stm32cube.ide.mcu.externaltools.gnu-tools-for-stm32.7-2018-q2-update.win32_1.0.0.201904181610/tools/bin/../lib/gcc/arm-none-eabi/7.3.1/../../../../arm-none-eabi/lib/thumb/v6-m\libc_nano.a
END GROUP
START GROUP
LOAD c:/st/stm32cubeide_1.0.2/stm32cubeide/plugins/com.st.stm32cube.ide.mcu.externaltools.gnu-tools-for-stm32.7-2018-q2-update.win32_1.0.0.201904181610/tools/bin/../lib/gcc/arm-none-eabi/7.3.1/thumb/v6-m\libgcc.a
LOAD c:/st/stm32cubeide_1.0.2/stm32cubeide/plugins/com.st.stm32cube.ide.mcu.externaltools.gnu-tools-for-stm32.7-2018-q2-update.win32_1.0.0.201904181610/tools/bin/../lib/gcc/arm-none-eabi/7.3.1/../../../../arm-none-eabi/lib/thumb/v6-m\libc_nano.a
LOAD c:/st/stm32cubeide_1.0.2/stm32cubeide/plugins/com.st.stm32cube.ide.mcu.externaltools.gnu-tools-for-stm32.7-2018-q2-update.win32_1.0.0.201904181610/tools/bin/../lib/gcc/arm-none-eabi/7.3.1/../../../../arm-none-eabi/lib/thumb/v6-m\libnosys.a
END GROUP
START GROUP
LOAD c:/st/stm32cubeide_1.0.2/stm32cubeide/plugins/com.st.stm32cube.ide.mcu.externaltools.gnu-tools-for-stm32.7-2018-q2-update.win32_1.0.0.201904181610/tools/bin/../lib/gcc/arm-none-eabi/7.3.1/thumb/v6-m\libgcc.a
LOAD c:/st/stm32cubeide_1.0.2/stm32cubeide/plugins/com.st.stm32cube.ide.mcu.externaltools.gnu-tools-for-stm32.7-2018-q2-update.win32_1.0.0.201904181610/tools/bin/../lib/gcc/arm-none-eabi/7.3.1/../../../../arm-none-eabi/lib/thumb/v6-m\libc_nano.a
LOAD c:/st/stm32cubeide_1.0.2/stm32cubeide/plugins/com.st.stm32cube.ide.mcu.externaltools.gnu-tools-for-stm32.7-2018-q2-update.win32_1.0.0.201904181610/tools/bin/../lib/gcc/arm-none-eabi/7.3.1/../../../../arm-none-eabi/lib/thumb/v6-m\libnosys.a
END GROUP
LOAD c:/st/stm32cubeide_1.0.2/stm32cubeide/plugins/com.st.stm32cube.ide.mcu.externaltools.gnu-tools-for-stm32.7-2018-q2-update.win32_1.0.0.201904181610/tools/bin/../lib/gcc/arm-none-eabi/7.3.1/thumb/v6-m/crtend.o
LOAD c:/st/stm32cubeide_1.0.2/stm32cubeide/plugins/com.st.stm32cube.ide.mcu.externaltools.gnu-tools-for-stm32.7-2018-q2-update.win32_1.0.0.201904181610/tools/bin/../lib/gcc/arm-none-eabi/7.3.1/thumb/v6-m/crtn.o
                0x0000000020002000                _estack = (ORIGIN (RAM) + LENGTH (RAM))
                0x0000000000000200                _Min_Heap_Size = 0x200
                0x0000000000000400                _Min_Stack_Size = 0x400

.isr_vector     0x0000000008000000       0xc0
                0x0000000008000000                . = ALIGN (0x4)
 *(.isr_vector)
 .isr_vector    0x0000000008000000       0xc0 Core/Startup/startup_stm32f051k8ux.o
                0x0000000008000000                g_pfnVectors
                0x00000000080000c0                . = ALIGN (0x4)

.text           0x00000000080000c0     0x8784
                0x00000000080000c0                . = ALIGN (0x4)
 *(.text)
 .text          0x00000000080000c0       0x48 c:/st/stm32cubeide_1.0.2/stm32cubeide/plugins/com.st.stm32cube.ide.mcu.externaltools.gnu-tools-for-stm32.7-2018-q2-update.win32_1.0.0.201904181610/tools/bin/../lib/gcc/arm-none-eabi/7.3.1/thumb/v6-m/crtbegin.o
 .text          0x0000000008000108      0x114 c:/st/stm32cubeide_1.0.2/stm32cubeide/plugins/com.st.stm32cube.ide.mcu.externaltools.gnu-tools-for-stm32.7-2018-q2-update.win32_1.0.0.201904181610/tools/bin/../lib/gcc/arm-none-eabi/7.3.1/thumb/v6-m\libgcc.a(_udivsi3.o)
                0x0000000008000108                __aeabi_uidiv
                0x0000000008000108                __udivsi3
                0x0000000008000214                __aeabi_uidivmod
 .text          0x000000000800021c      0x1d4 c:/st/stm32cubeide_1.0.2/stm32cubeide/plugins/com.st.stm32cube.ide.mcu.externaltools.gnu-tools-for-stm32.7-2018-q2-update.win32_1.0.0.201904181610/tools/bin/../lib/gcc/arm-none-eabi/7.3.1/thumb/v6-m\libgcc.a(_divsi3.o)
                0x000000000800021c                __divsi3
                0x000000000800021c                __aeabi_idiv
                0x00000000080003e8                __aeabi_idivmod
 .text          0x00000000080003f0        0x4 c:/st/stm32cubeide_1.0.2/stm32cubeide/plugins/com.st.stm32cube.ide.mcu.externaltools.gnu-tools-for-stm32.7-2018-q2-update.win32_1.0.0.201904181610/tools/bin/../lib/gcc/arm-none-eabi/7.3.1/thumb/v6-m\libgcc.a(_dvmd_tls.o)
                0x00000000080003f0                __aeabi_idiv0
                0x00000000080003f0                __aeabi_ldiv0
 .text          0x00000000080003f4       0x54 c:/st/stm32cubeide_1.0.2/stm32cubeide/plugins/com.st.stm32cube.ide.mcu.externaltools.gnu-tools-for-stm32.7-2018-q2-update.win32_1.0.0.201904181610/tools/bin/../lib/gcc/arm-none-eabi/7.3.1/thumb/v6-m\libgcc.a(_muldi3.o)
                0x00000000080003f4                __muldi3
                0x00000000080003f4                __aeabi_lmul
 *(.text*)
 .text.MX_ADC_Init
                0x0000000008000448       0xd0 Core/Src/adc.o
                0x0000000008000448                MX_ADC_Init
 .text.HAL_ADC_MspInit
                0x0000000008000518       0xcc Core/Src/adc.o
                0x0000000008000518                HAL_ADC_MspInit
 .text.DALIInit
                0x00000000080005e4       0x54 Core/Src/dali.o
                0x00000000080005e4                DALIInit
 .text.DALIConfigureMode
                0x0000000008000638       0x38 Core/Src/dali.o
                0x0000000008000638                DALIConfigureMode
 .text.DALITimerIntHandler
                0x0000000008000670      0x884 Core/Src/dali.o
                0x0000000008000670                DALITimerIntHandler
 .text.DALIRxIntHandler
                0x0000000008000ef4      0x83c Core/Src/dali.o
                0x0000000008000ef4                DALIRxIntHandler
 .text.DALISendData
                0x0000000008001730       0xdc Core/Src/dali.o
                0x0000000008001730                DALISendData
 .text.DALIProcessSendData
                0x000000000800180c      0x110 Core/Src/dali.o
                0x000000000800180c                DALIProcessSendData
 .text.DALIDataAvailable
                0x000000000800191c       0x28 Core/Src/dali.o
                0x000000000800191c                DALIDataAvailable
 .text.DALIReceiveData
                0x0000000008001944       0x44 Core/Src/dali.o
                0x0000000008001944                DALIReceiveData
 .text.DALIClearFlags
                0x0000000008001988       0x48 Core/Src/dali.o
                0x0000000008001988                DALIClearFlags
 .text.DALIAppendToQueue
                0x00000000080019d0      0x1b4 Core/Src/dali.o
                0x00000000080019d0                DALIAppendToQueue
 .text.DALIReceiveTwice
                0x0000000008001b84       0x18 Core/Src/dali.o
                0x0000000008001b84                DALIReceiveTwice
 .text.DALI_AppInit
                0x0000000008001b9c      0x388 Core/Src/dali_application.o
                0x0000000008001b9c                DALI_AppInit
 .text.DALI_ProcessRxData
                0x0000000008001f24     0x2508 Core/Src/dali_application.o
                0x0000000008001f24                DALI_ProcessRxData
 .text.DALI_SendEvent
                0x000000000800442c      0x358 Core/Src/dali_application.o
                0x000000000800442c                DALI_SendEvent
 .text.DALI_Reset_Variables
                0x0000000008004784      0x170 Core/Src/dali_application.o
                0x0000000008004784                DALI_Reset_Variables
 .text.DALI_Save_Variable
                0x00000000080048f4      0x150 Core/Src/dali_application.o
                0x00000000080048f4                DALI_Save_Variable
 .text.DALI_Set_inputValue
                0x0000000008004a44       0x70 Core/Src/dali_application.o
                0x0000000008004a44                DALI_Set_inputValue
 .text.DALI_Send_PowerCycleEvent
                0x0000000008004ab4       0xb4 Core/Src/dali_application.o
                0x0000000008004ab4                DALI_Send_PowerCycleEvent
 .text.DALI_Check_ResetState
                0x0000000008004b68       0xb4 Core/Src/dali_application.o
                0x0000000008004b68                DALI_Check_ResetState
 .text.dali_memory_init
                0x0000000008004c1c      0x128 Core/Src/dali_memory.o
                0x0000000008004c1c                dali_memory_init
 .text.erase_page
                0x0000000008004d44       0x70 Core/Src/dali_memory.o
                0x0000000008004d44                erase_page
 .text.dali_NVM_unlock
                0x0000000008004db4       0x28 Core/Src/dali_memory.o
                0x0000000008004db4                dali_NVM_unlock
 .text.dali_NVM_lock
                0x0000000008004ddc       0x28 Core/Src/dali_memory.o
                0x0000000008004ddc                dali_NVM_lock
 .text.dali_memory_read
                0x0000000008004e04       0xe0 Core/Src/dali_memory.o
                0x0000000008004e04                dali_memory_read
 .text.dali_memory_write
                0x0000000008004ee4       0xfc Core/Src/dali_memory.o
                0x0000000008004ee4                dali_memory_write
 .text.memory_write
                0x0000000008004fe0      0x2f8 Core/Src/dali_memory.o
                0x0000000008004fe0                memory_write
 .text.dali_memory_reset
                0x00000000080052d8       0xe0 Core/Src/dali_memory.o
                0x00000000080052d8                dali_memory_reset
 .text.MX_GPIO_Init
                0x00000000080053b8      0x1d0 Core/Src/gpio.o
                0x00000000080053b8                MX_GPIO_Init
 .text.writePin
                0x0000000008005588       0x68 Core/Src/gpio.o
                0x0000000008005588                writePin
 .text.readPin  0x00000000080055f0       0x5c Core/Src/gpio.o
                0x00000000080055f0                readPin
 .text.MX_IWDG_Init
                0x000000000800564c       0x44 Core/Src/iwdg.o
                0x000000000800564c                MX_IWDG_Init
 .text.main     0x0000000008005690      0x1b8 Core/Src/main.o
                0x0000000008005690                main
 .text.SystemClock_Config
                0x0000000008005848       0x92 Core/Src/main.o
                0x0000000008005848                SystemClock_Config
 .text.Error_Handler
                0x00000000080058da        0xa Core/Src/main.o
                0x00000000080058da                Error_Handler
 .text.HAL_MspInit
                0x00000000080058e4       0x48 Core/Src/stm32f0xx_hal_msp.o
                0x00000000080058e4                HAL_MspInit
 .text.NMI_Handler
                0x000000000800592c        0xa Core/Src/stm32f0xx_it.o
                0x000000000800592c                NMI_Handler
 .text.HardFault_Handler
                0x0000000008005936        0x6 Core/Src/stm32f0xx_it.o
                0x0000000008005936                HardFault_Handler
 .text.SVC_Handler
                0x000000000800593c        0xa Core/Src/stm32f0xx_it.o
                0x000000000800593c                SVC_Handler
 .text.PendSV_Handler
                0x0000000008005946        0xa Core/Src/stm32f0xx_it.o
                0x0000000008005946                PendSV_Handler
 .text.SysTick_Handler
                0x0000000008005950       0xd4 Core/Src/stm32f0xx_it.o
                0x0000000008005950                SysTick_Handler
 .text.EXTI4_15_IRQHandler
                0x0000000008005a24       0x28 Core/Src/stm32f0xx_it.o
                0x0000000008005a24                EXTI4_15_IRQHandler
 .text.TIM2_IRQHandler
                0x0000000008005a4c       0x3c Core/Src/stm32f0xx_it.o
                0x0000000008005a4c                TIM2_IRQHandler
 .text.TIM6_DAC_IRQHandler
                0x0000000008005a88       0x18 Core/Src/stm32f0xx_it.o
                0x0000000008005a88                TIM6_DAC_IRQHandler
 .text.TIM14_IRQHandler
                0x0000000008005aa0       0x78 Core/Src/stm32f0xx_it.o
                0x0000000008005aa0                TIM14_IRQHandler
 .text._sbrk    0x0000000008005b18       0x58 Core/Src/sysmem.o
                0x0000000008005b18                _sbrk
 .text.SystemInit
                0x0000000008005b70        0xa Core/Src/system_stm32f0xx.o
                0x0000000008005b70                SystemInit
 *fill*         0x0000000008005b7a        0x2 
 .text.MX_TIM2_Init
                0x0000000008005b7c       0xa8 Core/Src/tim.o
                0x0000000008005b7c                MX_TIM2_Init
 .text.MX_TIM3_Init
                0x0000000008005c24       0xac Core/Src/tim.o
                0x0000000008005c24                MX_TIM3_Init
 .text.MX_TIM6_Init
                0x0000000008005cd0       0x78 Core/Src/tim.o
                0x0000000008005cd0                MX_TIM6_Init
 .text.MX_TIM14_Init
                0x0000000008005d48       0x50 Core/Src/tim.o
                0x0000000008005d48                MX_TIM14_Init
 .text.HAL_TIM_Base_MspInit
                0x0000000008005d98       0xfc Core/Src/tim.o
                0x0000000008005d98                HAL_TIM_Base_MspInit
 .text.set_timer_reload_val
                0x0000000008005e94       0x1a Core/Src/tim.o
                0x0000000008005e94                set_timer_reload_val
 .text.reset_timer
                0x0000000008005eae       0x18 Core/Src/tim.o
                0x0000000008005eae                reset_timer
 .text.set_timer_count
                0x0000000008005ec6       0x1a Core/Src/tim.o
                0x0000000008005ec6                set_timer_count
 .text.get_timer_count
                0x0000000008005ee0       0x16 Core/Src/tim.o
                0x0000000008005ee0                get_timer_count
 .text.disable_timer_int
                0x0000000008005ef6       0x20 Core/Src/tim.o
                0x0000000008005ef6                disable_timer_int
 *fill*         0x0000000008005f16        0x2 
 .text.enable_timer_int
                0x0000000008005f18       0x30 Core/Src/tim.o
                0x0000000008005f18                enable_timer_int
 .text.Reset_Handler
                0x0000000008005f48       0x50 Core/Startup/startup_stm32f051k8ux.o
                0x0000000008005f48                Reset_Handler
 .text.Default_Handler
                0x0000000008005f98        0x2 Core/Startup/startup_stm32f051k8ux.o
                0x0000000008005f98                TIM1_CC_IRQHandler
                0x0000000008005f98                TSC_IRQHandler
                0x0000000008005f98                ADC1_COMP_IRQHandler
                0x0000000008005f98                PVD_IRQHandler
                0x0000000008005f98                I2C1_IRQHandler
                0x0000000008005f98                RCC_CRS_IRQHandler
                0x0000000008005f98                SPI1_IRQHandler
                0x0000000008005f98                EXTI2_3_IRQHandler
                0x0000000008005f98                I2C2_IRQHandler
                0x0000000008005f98                TIM17_IRQHandler
                0x0000000008005f98                CEC_CAN_IRQHandler
                0x0000000008005f98                RTC_IRQHandler
                0x0000000008005f98                TIM16_IRQHandler
                0x0000000008005f98                TIM3_IRQHandler
                0x0000000008005f98                DMA1_Channel1_IRQHandler
                0x0000000008005f98                Default_Handler
                0x0000000008005f98                DMA1_Channel4_5_IRQHandler
                0x0000000008005f98                TIM15_IRQHandler
                0x0000000008005f98                EXTI0_1_IRQHandler
                0x0000000008005f98                SPI2_IRQHandler
                0x0000000008005f98                WWDG_IRQHandler
                0x0000000008005f98                DMA1_Channel2_3_IRQHandler
                0x0000000008005f98                USART2_IRQHandler
                0x0000000008005f98                FLASH_IRQHandler
                0x0000000008005f98                USART1_IRQHandler
                0x0000000008005f98                TIM1_BRK_UP_TRG_COM_IRQHandler
 *fill*         0x0000000008005f9a        0x2 
 .text.HAL_Init
                0x0000000008005f9c       0x28 Drivers/STM32F0xx_HAL_Driver/Src/stm32f0xx_hal.o
                0x0000000008005f9c                HAL_Init
 .text.HAL_InitTick
                0x0000000008005fc4       0x68 Drivers/STM32F0xx_HAL_Driver/Src/stm32f0xx_hal.o
                0x0000000008005fc4                HAL_InitTick
 .text.HAL_IncTick
                0x000000000800602c       0x24 Drivers/STM32F0xx_HAL_Driver/Src/stm32f0xx_hal.o
                0x000000000800602c                HAL_IncTick
 .text.HAL_GetTick
                0x0000000008006050       0x14 Drivers/STM32F0xx_HAL_Driver/Src/stm32f0xx_hal.o
                0x0000000008006050                HAL_GetTick
 .text.HAL_Delay
                0x0000000008006064       0x44 Drivers/STM32F0xx_HAL_Driver/Src/stm32f0xx_hal.o
                0x0000000008006064                HAL_Delay
 .text.HAL_ADC_Init
                0x00000000080060a8      0x280 Drivers/STM32F0xx_HAL_Driver/Src/stm32f0xx_hal_adc.o
                0x00000000080060a8                HAL_ADC_Init
 .text.HAL_ADC_Start
                0x0000000008006328       0xa8 Drivers/STM32F0xx_HAL_Driver/Src/stm32f0xx_hal_adc.o
                0x0000000008006328                HAL_ADC_Start
 .text.HAL_ADC_Stop
                0x00000000080063d0       0x80 Drivers/STM32F0xx_HAL_Driver/Src/stm32f0xx_hal_adc.o
                0x00000000080063d0                HAL_ADC_Stop
 .text.HAL_ADC_PollForConversion
                0x0000000008006450      0x124 Drivers/STM32F0xx_HAL_Driver/Src/stm32f0xx_hal_adc.o
                0x0000000008006450                HAL_ADC_PollForConversion
 .text.HAL_ADC_GetValue
                0x0000000008006574       0x16 Drivers/STM32F0xx_HAL_Driver/Src/stm32f0xx_hal_adc.o
                0x0000000008006574                HAL_ADC_GetValue
 *fill*         0x000000000800658a        0x2 
 .text.HAL_ADC_ConfigChannel
                0x000000000800658c      0x21c Drivers/STM32F0xx_HAL_Driver/Src/stm32f0xx_hal_adc.o
                0x000000000800658c                HAL_ADC_ConfigChannel
 .text.ADC_Enable
                0x00000000080067a8       0xf8 Drivers/STM32F0xx_HAL_Driver/Src/stm32f0xx_hal_adc.o
 .text.ADC_Disable
                0x00000000080068a0       0xd4 Drivers/STM32F0xx_HAL_Driver/Src/stm32f0xx_hal_adc.o
 .text.ADC_ConversionStop
                0x0000000008006974       0x8c Drivers/STM32F0xx_HAL_Driver/Src/stm32f0xx_hal_adc.o
 .text.HAL_ADCEx_Calibration_Start
                0x0000000008006a00      0x13c Drivers/STM32F0xx_HAL_Driver/Src/stm32f0xx_hal_adc_ex.o
                0x0000000008006a00                HAL_ADCEx_Calibration_Start
 .text.__NVIC_EnableIRQ
                0x0000000008006b3c       0x34 Drivers/STM32F0xx_HAL_Driver/Src/stm32f0xx_hal_cortex.o
 .text.__NVIC_SetPriority
                0x0000000008006b70       0xdc Drivers/STM32F0xx_HAL_Driver/Src/stm32f0xx_hal_cortex.o
 .text.SysTick_Config
                0x0000000008006c4c       0x48 Drivers/STM32F0xx_HAL_Driver/Src/stm32f0xx_hal_cortex.o
 .text.HAL_NVIC_SetPriority
                0x0000000008006c94       0x2a Drivers/STM32F0xx_HAL_Driver/Src/stm32f0xx_hal_cortex.o
                0x0000000008006c94                HAL_NVIC_SetPriority
 .text.HAL_NVIC_EnableIRQ
                0x0000000008006cbe       0x20 Drivers/STM32F0xx_HAL_Driver/Src/stm32f0xx_hal_cortex.o
                0x0000000008006cbe                HAL_NVIC_EnableIRQ
 .text.HAL_SYSTICK_Config
                0x0000000008006cde       0x1a Drivers/STM32F0xx_HAL_Driver/Src/stm32f0xx_hal_cortex.o
                0x0000000008006cde                HAL_SYSTICK_Config
 .text.HAL_FLASH_Program
                0x0000000008006cf8      0x12c Drivers/STM32F0xx_HAL_Driver/Src/stm32f0xx_hal_flash.o
                0x0000000008006cf8                HAL_FLASH_Program
 .text.HAL_FLASH_Unlock
                0x0000000008006e24       0x4c Drivers/STM32F0xx_HAL_Driver/Src/stm32f0xx_hal_flash.o
                0x0000000008006e24                HAL_FLASH_Unlock
 .text.HAL_FLASH_Lock
                0x0000000008006e70       0x1c Drivers/STM32F0xx_HAL_Driver/Src/stm32f0xx_hal_flash.o
                0x0000000008006e70                HAL_FLASH_Lock
 .text.FLASH_Program_HalfWord
                0x0000000008006e8c       0x38 Drivers/STM32F0xx_HAL_Driver/Src/stm32f0xx_hal_flash.o
 .text.FLASH_WaitForLastOperation
                0x0000000008006ec4       0x7c Drivers/STM32F0xx_HAL_Driver/Src/stm32f0xx_hal_flash.o
                0x0000000008006ec4                FLASH_WaitForLastOperation
 .text.FLASH_SetErrorCode
                0x0000000008006f40       0x60 Drivers/STM32F0xx_HAL_Driver/Src/stm32f0xx_hal_flash.o
 .text.HAL_FLASHEx_Erase
                0x0000000008006fa0       0xec Drivers/STM32F0xx_HAL_Driver/Src/stm32f0xx_hal_flash_ex.o
                0x0000000008006fa0                HAL_FLASHEx_Erase
 .text.FLASH_MassErase
                0x000000000800708c       0x30 Drivers/STM32F0xx_HAL_Driver/Src/stm32f0xx_hal_flash_ex.o
 .text.FLASH_PageErase
                0x00000000080070bc       0x3c Drivers/STM32F0xx_HAL_Driver/Src/stm32f0xx_hal_flash_ex.o
                0x00000000080070bc                FLASH_PageErase
 .text.HAL_GPIO_Init
                0x00000000080070f8      0x2e0 Drivers/STM32F0xx_HAL_Driver/Src/stm32f0xx_hal_gpio.o
                0x00000000080070f8                HAL_GPIO_Init
 .text.HAL_GPIO_ReadPin
                0x00000000080073d8       0x3a Drivers/STM32F0xx_HAL_Driver/Src/stm32f0xx_hal_gpio.o
                0x00000000080073d8                HAL_GPIO_ReadPin
 .text.HAL_GPIO_WritePin
                0x0000000008007412       0x3a Drivers/STM32F0xx_HAL_Driver/Src/stm32f0xx_hal_gpio.o
                0x0000000008007412                HAL_GPIO_WritePin
 .text.HAL_IWDG_Init
                0x000000000800744c       0x94 Drivers/STM32F0xx_HAL_Driver/Src/stm32f0xx_hal_iwdg.o
                0x000000000800744c                HAL_IWDG_Init
 .text.HAL_IWDG_Refresh
                0x00000000080074e0       0x20 Drivers/STM32F0xx_HAL_Driver/Src/stm32f0xx_hal_iwdg.o
                0x00000000080074e0                HAL_IWDG_Refresh
 .text.HAL_PWR_EnterSLEEPMode
                0x0000000008007500       0x38 Drivers/STM32F0xx_HAL_Driver/Src/stm32f0xx_hal_pwr.o
                0x0000000008007500                HAL_PWR_EnterSLEEPMode
 .text.HAL_RCC_OscConfig
                0x0000000008007538      0x638 Drivers/STM32F0xx_HAL_Driver/Src/stm32f0xx_hal_rcc.o
                0x0000000008007538                HAL_RCC_OscConfig
 .text.HAL_RCC_ClockConfig
                0x0000000008007b70      0x19c Drivers/STM32F0xx_HAL_Driver/Src/stm32f0xx_hal_rcc.o
                0x0000000008007b70                HAL_RCC_ClockConfig
 .text.HAL_RCC_GetSysClockFreq
                0x0000000008007d0c       0xc8 Drivers/STM32F0xx_HAL_Driver/Src/stm32f0xx_hal_rcc.o
                0x0000000008007d0c                HAL_RCC_GetSysClockFreq
 .text.HAL_TIM_Base_Init
                0x0000000008007dd4       0x58 Drivers/STM32F0xx_HAL_Driver/Src/stm32f0xx_hal_tim.o
                0x0000000008007dd4                HAL_TIM_Base_Init
 .text.HAL_TIM_Base_Start
                0x0000000008007e2c       0x44 Drivers/STM32F0xx_HAL_Driver/Src/stm32f0xx_hal_tim.o
                0x0000000008007e2c                HAL_TIM_Base_Start
 .text.HAL_TIM_Base_Start_IT
                0x0000000008007e70       0x44 Drivers/STM32F0xx_HAL_Driver/Src/stm32f0xx_hal_tim.o
                0x0000000008007e70                HAL_TIM_Base_Start_IT
 .text.HAL_TIM_IRQHandler
                0x0000000008007eb4      0x22c Drivers/STM32F0xx_HAL_Driver/Src/stm32f0xx_hal_tim.o
                0x0000000008007eb4                HAL_TIM_IRQHandler
 .text.HAL_TIM_ConfigClockSource
                0x00000000080080e0      0x17c Drivers/STM32F0xx_HAL_Driver/Src/stm32f0xx_hal_tim.o
                0x00000000080080e0                HAL_TIM_ConfigClockSource
 .text.HAL_TIM_PeriodElapsedCallback
                0x000000000800825c       0x10 Drivers/STM32F0xx_HAL_Driver/Src/stm32f0xx_hal_tim.o
                0x000000000800825c                HAL_TIM_PeriodElapsedCallback
 .text.HAL_TIM_OC_DelayElapsedCallback
                0x000000000800826c       0x10 Drivers/STM32F0xx_HAL_Driver/Src/stm32f0xx_hal_tim.o
                0x000000000800826c                HAL_TIM_OC_DelayElapsedCallback
 .text.HAL_TIM_IC_CaptureCallback
                0x000000000800827c       0x10 Drivers/STM32F0xx_HAL_Driver/Src/stm32f0xx_hal_tim.o
                0x000000000800827c                HAL_TIM_IC_CaptureCallback
 .text.HAL_TIM_PWM_PulseFinishedCallback
                0x000000000800828c       0x10 Drivers/STM32F0xx_HAL_Driver/Src/stm32f0xx_hal_tim.o
                0x000000000800828c                HAL_TIM_PWM_PulseFinishedCallback
 .text.HAL_TIM_TriggerCallback
                0x000000000800829c       0x10 Drivers/STM32F0xx_HAL_Driver/Src/stm32f0xx_hal_tim.o
                0x000000000800829c                HAL_TIM_TriggerCallback
 .text.TIM_Base_SetConfig
                0x00000000080082ac      0x100 Drivers/STM32F0xx_HAL_Driver/Src/stm32f0xx_hal_tim.o
                0x00000000080082ac                TIM_Base_SetConfig
 .text.TIM_TI1_ConfigInputStage
                0x00000000080083ac       0x5c Drivers/STM32F0xx_HAL_Driver/Src/stm32f0xx_hal_tim.o
 .text.TIM_TI2_ConfigInputStage
                0x0000000008008408       0x64 Drivers/STM32F0xx_HAL_Driver/Src/stm32f0xx_hal_tim.o
 .text.TIM_ITRx_SetConfig
                0x000000000800846c       0x32 Drivers/STM32F0xx_HAL_Driver/Src/stm32f0xx_hal_tim.o
 *fill*         0x000000000800849e        0x2 
 .text.TIM_ETR_SetConfig
                0x00000000080084a0       0x40 Drivers/STM32F0xx_HAL_Driver/Src/stm32f0xx_hal_tim.o
                0x00000000080084a0                TIM_ETR_SetConfig
 .text.HAL_TIMEx_MasterConfigSynchronization
                0x00000000080084e0       0xbc Drivers/STM32F0xx_HAL_Driver/Src/stm32f0xx_hal_tim_ex.o
                0x00000000080084e0                HAL_TIMEx_MasterConfigSynchronization
 .text.HAL_TIMEx_CommutCallback
                0x000000000800859c       0x10 Drivers/STM32F0xx_HAL_Driver/Src/stm32f0xx_hal_tim_ex.o
                0x000000000800859c                HAL_TIMEx_CommutCallback
 .text.HAL_TIMEx_BreakCallback
                0x00000000080085ac       0x10 Drivers/STM32F0xx_HAL_Driver/Src/stm32f0xx_hal_tim_ex.o
                0x00000000080085ac                HAL_TIMEx_BreakCallback
 .text.__errno  0x00000000080085bc        0xc c:/st/stm32cubeide_1.0.2/stm32cubeide/plugins/com.st.stm32cube.ide.mcu.externaltools.gnu-tools-for-stm32.7-2018-q2-update.win32_1.0.0.201904181610/tools/bin/../lib/gcc/arm-none-eabi/7.3.1/../../../../arm-none-eabi/lib/thumb/v6-m\libc_nano.a(lib_a-errno.o)
                0x00000000080085bc                __errno
 .text.__libc_init_array
                0x00000000080085c8       0x48 c:/st/stm32cubeide_1.0.2/stm32cubeide/plugins/com.st.stm32cube.ide.mcu.externaltools.gnu-tools-for-stm32.7-2018-q2-update.win32_1.0.0.201904181610/tools/bin/../lib/gcc/arm-none-eabi/7.3.1/../../../../arm-none-eabi/lib/thumb/v6-m\libc_nano.a(lib_a-init.o)
                0x00000000080085c8                __libc_init_array
 .text.memset   0x0000000008008610       0x10 c:/st/stm32cubeide_1.0.2/stm32cubeide/plugins/com.st.stm32cube.ide.mcu.externaltools.gnu-tools-for-stm32.7-2018-q2-update.win32_1.0.0.201904181610/tools/bin/../lib/gcc/arm-none-eabi/7.3.1/../../../../arm-none-eabi/lib/thumb/v6-m\libc_nano.a(lib_a-memset.o)
                0x0000000008008610                memset
 .text.srand    0x0000000008008620       0x48 c:/st/stm32cubeide_1.0.2/stm32cubeide/plugins/com.st.stm32cube.ide.mcu.externaltools.gnu-tools-for-stm32.7-2018-q2-update.win32_1.0.0.201904181610/tools/bin/../lib/gcc/arm-none-eabi/7.3.1/../../../../arm-none-eabi/lib/thumb/v6-m\libc_nano.a(lib_a-rand.o)
                0x0000000008008620                srand
 .text.rand     0x0000000008008668       0x64 c:/st/stm32cubeide_1.0.2/stm32cubeide/plugins/com.st.stm32cube.ide.mcu.externaltools.gnu-tools-for-stm32.7-2018-q2-update.win32_1.0.0.201904181610/tools/bin/../lib/gcc/arm-none-eabi/7.3.1/../../../../arm-none-eabi/lib/thumb/v6-m\libc_nano.a(lib_a-rand.o)
                0x0000000008008668                rand
 .text.time     0x00000000080086cc       0x34 c:/st/stm32cubeide_1.0.2/stm32cubeide/plugins/com.st.stm32cube.ide.mcu.externaltools.gnu-tools-for-stm32.7-2018-q2-update.win32_1.0.0.201904181610/tools/bin/../lib/gcc/arm-none-eabi/7.3.1/../../../../arm-none-eabi/lib/thumb/v6-m\libc_nano.a(lib_a-time.o)
                0x00000000080086cc                time
 .text._gettimeofday_r
                0x0000000008008700       0x24 c:/st/stm32cubeide_1.0.2/stm32cubeide/plugins/com.st.stm32cube.ide.mcu.externaltools.gnu-tools-for-stm32.7-2018-q2-update.win32_1.0.0.201904181610/tools/bin/../lib/gcc/arm-none-eabi/7.3.1/../../../../arm-none-eabi/lib/thumb/v6-m\libc_nano.a(lib_a-gettimeofdayr.o)
                0x0000000008008700                _gettimeofday_r
 .text.malloc   0x0000000008008724       0x14 c:/st/stm32cubeide_1.0.2/stm32cubeide/plugins/com.st.stm32cube.ide.mcu.externaltools.gnu-tools-for-stm32.7-2018-q2-update.win32_1.0.0.201904181610/tools/bin/../lib/gcc/arm-none-eabi/7.3.1/../../../../arm-none-eabi/lib/thumb/v6-m\libc_nano.a(lib_a-malloc.o)
                0x0000000008008724                malloc
 .text._malloc_r
                0x0000000008008738       0xbc c:/st/stm32cubeide_1.0.2/stm32cubeide/plugins/com.st.stm32cube.ide.mcu.externaltools.gnu-tools-for-stm32.7-2018-q2-update.win32_1.0.0.201904181610/tools/bin/../lib/gcc/arm-none-eabi/7.3.1/../../../../arm-none-eabi/lib/thumb/v6-m\libc_nano.a(lib_a-nano-mallocr.o)
                0x0000000008008738                _malloc_r
 .text._sbrk_r  0x00000000080087f4       0x24 c:/st/stm32cubeide_1.0.2/stm32cubeide/plugins/com.st.stm32cube.ide.mcu.externaltools.gnu-tools-for-stm32.7-2018-q2-update.win32_1.0.0.201904181610/tools/bin/../lib/gcc/arm-none-eabi/7.3.1/../../../../arm-none-eabi/lib/thumb/v6-m\libc_nano.a(lib_a-sbrkr.o)
                0x00000000080087f4                _sbrk_r
 .text.__malloc_lock
                0x0000000008008818        0x2 c:/st/stm32cubeide_1.0.2/stm32cubeide/plugins/com.st.stm32cube.ide.mcu.externaltools.gnu-tools-for-stm32.7-2018-q2-update.win32_1.0.0.201904181610/tools/bin/../lib/gcc/arm-none-eabi/7.3.1/../../../../arm-none-eabi/lib/thumb/v6-m\libc_nano.a(lib_a-mlock.o)
                0x0000000008008818                __malloc_lock
 .text.__malloc_unlock
                0x000000000800881a        0x2 c:/st/stm32cubeide_1.0.2/stm32cubeide/plugins/com.st.stm32cube.ide.mcu.externaltools.gnu-tools-for-stm32.7-2018-q2-update.win32_1.0.0.201904181610/tools/bin/../lib/gcc/arm-none-eabi/7.3.1/../../../../arm-none-eabi/lib/thumb/v6-m\libc_nano.a(lib_a-mlock.o)
                0x000000000800881a                __malloc_unlock
 .text._gettimeofday
                0x000000000800881c       0x10 c:/st/stm32cubeide_1.0.2/stm32cubeide/plugins/com.st.stm32cube.ide.mcu.externaltools.gnu-tools-for-stm32.7-2018-q2-update.win32_1.0.0.201904181610/tools/bin/../lib/gcc/arm-none-eabi/7.3.1/../../../../arm-none-eabi/lib/thumb/v6-m\libnosys.a(gettod.o)
                0x000000000800881c                _gettimeofday
 *(.glue_7)
 .glue_7        0x000000000800882c        0x0 linker stubs
 *(.glue_7t)
 .glue_7t       0x000000000800882c        0x0 linker stubs
 *(.eh_frame)
 .eh_frame      0x000000000800882c        0x0 c:/st/stm32cubeide_1.0.2/stm32cubeide/plugins/com.st.stm32cube.ide.mcu.externaltools.gnu-tools-for-stm32.7-2018-q2-update.win32_1.0.0.201904181610/tools/bin/../lib/gcc/arm-none-eabi/7.3.1/thumb/v6-m/crtbegin.o
 *(.init)
 .init          0x000000000800882c        0x4 c:/st/stm32cubeide_1.0.2/stm32cubeide/plugins/com.st.stm32cube.ide.mcu.externaltools.gnu-tools-for-stm32.7-2018-q2-update.win32_1.0.0.201904181610/tools/bin/../lib/gcc/arm-none-eabi/7.3.1/thumb/v6-m/crti.o
                0x000000000800882c                _init
 .init          0x0000000008008830        0x8 c:/st/stm32cubeide_1.0.2/stm32cubeide/plugins/com.st.stm32cube.ide.mcu.externaltools.gnu-tools-for-stm32.7-2018-q2-update.win32_1.0.0.201904181610/tools/bin/../lib/gcc/arm-none-eabi/7.3.1/thumb/v6-m/crtn.o
 *(.fini)
 .fini          0x0000000008008838        0x4 c:/st/stm32cubeide_1.0.2/stm32cubeide/plugins/com.st.stm32cube.ide.mcu.externaltools.gnu-tools-for-stm32.7-2018-q2-update.win32_1.0.0.201904181610/tools/bin/../lib/gcc/arm-none-eabi/7.3.1/thumb/v6-m/crti.o
                0x0000000008008838                _fini
 .fini          0x000000000800883c        0x8 c:/st/stm32cubeide_1.0.2/stm32cubeide/plugins/com.st.stm32cube.ide.mcu.externaltools.gnu-tools-for-stm32.7-2018-q2-update.win32_1.0.0.201904181610/tools/bin/../lib/gcc/arm-none-eabi/7.3.1/thumb/v6-m/crtn.o
                0x0000000008008844                . = ALIGN (0x4)
                0x0000000008008844                _etext = .

.vfp11_veneer   0x0000000008008844        0x0
 .vfp11_veneer  0x0000000008008844        0x0 linker stubs

.v4_bx          0x0000000008008844        0x0
 .v4_bx         0x0000000008008844        0x0 linker stubs

.iplt           0x0000000008008844        0x0
 .iplt          0x0000000008008844        0x0 c:/st/stm32cubeide_1.0.2/stm32cubeide/plugins/com.st.stm32cube.ide.mcu.externaltools.gnu-tools-for-stm32.7-2018-q2-update.win32_1.0.0.201904181610/tools/bin/../lib/gcc/arm-none-eabi/7.3.1/thumb/v6-m/crtbegin.o

.rodata         0x0000000008008844      0x66c
                0x0000000008008844                . = ALIGN (0x4)
 *(.rodata)
 .rodata        0x0000000008008844       0x10 Core/Src/dali_application.o
 .rodata        0x0000000008008854       0x20 Drivers/STM32F0xx_HAL_Driver/Src/stm32f0xx_hal_rcc.o
 *(.rodata*)
 .rodata.DALITimerIntHandler
                0x0000000008008874      0x124 Core/Src/dali.o
 .rodata.DALIRxIntHandler
                0x0000000008008998       0x3c Core/Src/dali.o
 .rodata.DALI_ProcessRxData
                0x00000000080089d4      0x4b8 Core/Src/dali_application.o
 .rodata.DALI_SendEvent
                0x0000000008008e8c       0x14 Core/Src/dali_application.o
 .rodata.AHBPrescTable
                0x0000000008008ea0       0x10 Core/Src/system_stm32f0xx.o
                0x0000000008008ea0                AHBPrescTable
                0x0000000008008eb0                . = ALIGN (0x4)

.rel.dyn        0x0000000008008eb0        0x0
 .rel.iplt      0x0000000008008eb0        0x0 c:/st/stm32cubeide_1.0.2/stm32cubeide/plugins/com.st.stm32cube.ide.mcu.externaltools.gnu-tools-for-stm32.7-2018-q2-update.win32_1.0.0.201904181610/tools/bin/../lib/gcc/arm-none-eabi/7.3.1/thumb/v6-m/crtbegin.o

.ARM.extab      0x0000000008008eb0        0x0
                0x0000000008008eb0                . = ALIGN (0x4)
 *(.ARM.extab* .gnu.linkonce.armextab.*)
                0x0000000008008eb0                . = ALIGN (0x4)

.ARM            0x0000000008008eb0        0x0
                0x0000000008008eb0                . = ALIGN (0x4)
                0x0000000008008eb0                __exidx_start = .
 *(.ARM.exidx*)
                0x0000000008008eb0                __exidx_end = .
                0x0000000008008eb0                . = ALIGN (0x4)

.preinit_array  0x0000000008008eb0        0x0
                0x0000000008008eb0                . = ALIGN (0x4)
                0x0000000008008eb0                PROVIDE (__preinit_array_start = .)
 *(.preinit_array*)
                0x0000000008008eb0                PROVIDE (__preinit_array_end = .)
                0x0000000008008eb0                . = ALIGN (0x4)

.init_array     0x0000000008008eb0        0x4
                0x0000000008008eb0                . = ALIGN (0x4)
                0x0000000008008eb0                PROVIDE (__init_array_start = .)
 *(SORT_BY_NAME(.init_array.*))
 *(.init_array*)
 .init_array    0x0000000008008eb0        0x4 c:/st/stm32cubeide_1.0.2/stm32cubeide/plugins/com.st.stm32cube.ide.mcu.externaltools.gnu-tools-for-stm32.7-2018-q2-update.win32_1.0.0.201904181610/tools/bin/../lib/gcc/arm-none-eabi/7.3.1/thumb/v6-m/crtbegin.o
                0x0000000008008eb4                PROVIDE (__init_array_end = .)
                0x0000000008008eb4                . = ALIGN (0x4)

.fini_array     0x0000000008008eb4        0x4
                0x0000000008008eb4                . = ALIGN (0x4)
                [!provide]                        PROVIDE (__fini_array_start = .)
 *(SORT_BY_NAME(.fini_array.*))
 *(.fini_array*)
 .fini_array    0x0000000008008eb4        0x4 c:/st/stm32cubeide_1.0.2/stm32cubeide/plugins/com.st.stm32cube.ide.mcu.externaltools.gnu-tools-for-stm32.7-2018-q2-update.win32_1.0.0.201904181610/tools/bin/../lib/gcc/arm-none-eabi/7.3.1/thumb/v6-m/crtbegin.o
                [!provide]                        PROVIDE (__fini_array_end = .)
                0x0000000008008eb8                . = ALIGN (0x4)
                0x0000000008008eb8                _sidata = LOADADDR (.data)

.data           0x0000000020000000       0x84 load address 0x0000000008008eb8
                0x0000000020000000                . = ALIGN (0x4)
                0x0000000020000000                _sdata = .
 *(.data)
 *(.data*)
 .data.txFlags  0x0000000020000000        0x4 Core/Src/dali.o
                0x0000000020000000                txFlags
 .data.priorityState
                0x0000000020000004        0x1 Core/Src/dali.o
                0x0000000020000004                priorityState
 *fill*         0x0000000020000005        0x3 
 .data.searchAddress
                0x0000000020000008        0x4 Core/Src/dali_application.o
                0x0000000020000008                searchAddress
 .data.powerCycleSeen
                0x000000002000000c        0x1 Core/Src/dali_application.o
                0x000000002000000c                powerCycleSeen
 .data.resetState
                0x000000002000000d        0x1 Core/Src/dali_application.o
                0x000000002000000d                resetState
 .data.hysteresisMin
                0x000000002000000e        0x2 Core/Src/dali_application.o
                0x000000002000000e                hysteresisMin
 .data.hysteresis
                0x0000000020000010        0x2 Core/Src/dali_application.o
                0x0000000020000010                hysteresis
 .data.adc_time
                0x0000000020000012        0x2 Core/Src/main.o
                0x0000000020000012                adc_time
 .data.SystemCoreClock
                0x0000000020000014        0x4 Core/Src/system_stm32f0xx.o
                0x0000000020000014                SystemCoreClock
 .data.uwTickPrio
                0x0000000020000018        0x4 Drivers/STM32F0xx_HAL_Driver/Src/stm32f0xx_hal.o
                0x0000000020000018                uwTickPrio
 .data.uwTickFreq
                0x000000002000001c        0x1 Drivers/STM32F0xx_HAL_Driver/Src/stm32f0xx_hal.o
                0x000000002000001c                uwTickFreq
 *fill*         0x000000002000001d        0x3 
 .data._impure_ptr
                0x0000000020000020        0x4 c:/st/stm32cubeide_1.0.2/stm32cubeide/plugins/com.st.stm32cube.ide.mcu.externaltools.gnu-tools-for-stm32.7-2018-q2-update.win32_1.0.0.201904181610/tools/bin/../lib/gcc/arm-none-eabi/7.3.1/../../../../arm-none-eabi/lib/thumb/v6-m\libc_nano.a(lib_a-impure.o)
                0x0000000020000020                _impure_ptr
 .data.impure_data
                0x0000000020000024       0x60 c:/st/stm32cubeide_1.0.2/stm32cubeide/plugins/com.st.stm32cube.ide.mcu.externaltools.gnu-tools-for-stm32.7-2018-q2-update.win32_1.0.0.201904181610/tools/bin/../lib/gcc/arm-none-eabi/7.3.1/../../../../arm-none-eabi/lib/thumb/v6-m\libc_nano.a(lib_a-impure.o)
                0x0000000020000084                . = ALIGN (0x4)
                0x0000000020000084                _edata = .

.igot.plt       0x0000000020000084        0x0 load address 0x0000000008008f3c
 .igot.plt      0x0000000020000084        0x0 c:/st/stm32cubeide_1.0.2/stm32cubeide/plugins/com.st.stm32cube.ide.mcu.externaltools.gnu-tools-for-stm32.7-2018-q2-update.win32_1.0.0.201904181610/tools/bin/../lib/gcc/arm-none-eabi/7.3.1/thumb/v6-m/crtbegin.o
                0x0000000020000084                . = ALIGN (0x4)

.bss            0x0000000020000088      0xa7c load address 0x0000000008008f3c
                0x0000000020000088                _sbss = .
                0x0000000020000088                __bss_start__ = _sbss
 *(.bss)
 .bss           0x0000000020000088       0x1c c:/st/stm32cubeide_1.0.2/stm32cubeide/plugins/com.st.stm32cube.ide.mcu.externaltools.gnu-tools-for-stm32.7-2018-q2-update.win32_1.0.0.201904181610/tools/bin/../lib/gcc/arm-none-eabi/7.3.1/thumb/v6-m/crtbegin.o
 *(.bss*)
 .bss.overlapTime
                0x00000000200000a4        0x4 Core/Src/dali.o
                0x00000000200000a4                overlapTime
 .bss.TE_random.7162
                0x00000000200000a8        0x4 Core/Src/dali.o
 .bss.tim3_value.7211
                0x00000000200000ac        0x2 Core/Src/dali.o
 *fill*         0x00000000200000ae        0x2 
 .bss.tim2_value.7210
                0x00000000200000b0        0x4 Core/Src/dali.o
 .bss.DTR0      0x00000000200000b4        0x1 Core/Src/dali_application.o
                0x00000000200000b4                DTR0
 .bss.DTR1      0x00000000200000b5        0x1 Core/Src/dali_application.o
                0x00000000200000b5                DTR1
 .bss.DTR2      0x00000000200000b6        0x1 Core/Src/dali_application.o
                0x00000000200000b6                DTR2
 .bss.quiescentMode
                0x00000000200000b7        0x1 Core/Src/dali_application.o
                0x00000000200000b7                quiescentMode
 .bss.writeEnableState
                0x00000000200000b8        0x1 Core/Src/dali_application.o
                0x00000000200000b8                writeEnableState
 .bss.initialisationState
                0x00000000200000b9        0x1 Core/Src/dali_application.o
                0x00000000200000b9                initialisationState
 .bss.applicationControllerError
                0x00000000200000ba        0x1 Core/Src/dali_application.o
                0x00000000200000ba                applicationControllerError
 .bss.inputDeviceError
                0x00000000200000bb        0x1 Core/Src/dali_application.o
                0x00000000200000bb                inputDeviceError
 .bss.deviceCapabilities
                0x00000000200000bc        0x1 Core/Src/dali_application.o
                0x00000000200000bc                deviceCapabilities
 .bss.deviceStatus
                0x00000000200000bd        0x1 Core/Src/dali_application.o
                0x00000000200000bd                deviceStatus
 .bss.instanceError
                0x00000000200000be        0x1 Core/Src/dali_application.o
                0x00000000200000be                instanceError
 *fill*         0x00000000200000bf        0x1 
 .bss.hysteresisBand
                0x00000000200000c0        0x4 Core/Src/dali_application.o
                0x00000000200000c0                hysteresisBand
 .bss.hysteresisBandHigh
                0x00000000200000c4        0x4 Core/Src/dali_application.o
                0x00000000200000c4                hysteresisBandHigh
 .bss.hysteresisBandLow
                0x00000000200000c8        0x4 Core/Src/dali_application.o
                0x00000000200000c8                hysteresisBandLow
 .bss.id_time   0x00000000200000cc        0x2 Core/Src/dali_application.o
                0x00000000200000cc                id_time
 .bss.isSecondFrame
                0x00000000200000ce        0x1 Core/Src/dali_application.o
                0x00000000200000ce                isSecondFrame
 .bss.debug     0x00000000200000cf        0x1 Core/Src/dali_application.o
                0x00000000200000cf                debug
 .bss.powerNoti_time
                0x00000000200000d0        0x2 Core/Src/dali_application.o
                0x00000000200000d0                powerNoti_time
 .bss.powerNoti_flag
                0x00000000200000d2        0x1 Core/Src/dali_application.o
                0x00000000200000d2                powerNoti_flag
 .bss.backFrame
                0x00000000200000d3        0x1 Core/Src/dali_application.o
                0x00000000200000d3                backFrame
 .bss.inputValue_10b
                0x00000000200000d4        0x2 Core/Src/dali_application.o
                0x00000000200000d4                inputValue_10b
 *fill*         0x00000000200000d6        0x2 
 .bss.memory_bank_addr
                0x00000000200000d8      0x400 Core/Src/dali_memory.o
                0x00000000200000d8                memory_bank_addr
 .bss.darkCalibrate
                0x00000000200004d8        0x1 Core/Src/main.o
                0x00000000200004d8                darkCalibrate
 .bss.fullScaleCalibrate
                0x00000000200004d9        0x1 Core/Src/main.o
                0x00000000200004d9                fullScaleCalibrate
 *fill*         0x00000000200004da        0x2 
 .bss.heap_end.5149
                0x00000000200004dc        0x4 Core/Src/sysmem.o
 .bss.__malloc_free_list
                0x00000000200004e0        0x4 c:/st/stm32cubeide_1.0.2/stm32cubeide/plugins/com.st.stm32cube.ide.mcu.externaltools.gnu-tools-for-stm32.7-2018-q2-update.win32_1.0.0.201904181610/tools/bin/../lib/gcc/arm-none-eabi/7.3.1/../../../../arm-none-eabi/lib/thumb/v6-m\libc_nano.a(lib_a-nano-mallocr.o)
                0x00000000200004e0                __malloc_free_list
 .bss.__malloc_sbrk_start
                0x00000000200004e4        0x4 c:/st/stm32cubeide_1.0.2/stm32cubeide/plugins/com.st.stm32cube.ide.mcu.externaltools.gnu-tools-for-stm32.7-2018-q2-update.win32_1.0.0.201904181610/tools/bin/../lib/gcc/arm-none-eabi/7.3.1/../../../../arm-none-eabi/lib/thumb/v6-m\libc_nano.a(lib_a-nano-mallocr.o)
                0x00000000200004e4                __malloc_sbrk_start
 *(COMMON)
 COMMON         0x00000000200004e8       0x40 Core/Src/adc.o
                0x00000000200004e8                hadc
 COMMON         0x0000000020000528      0x34d Core/Src/dali.o
                0x0000000020000528                rxPacketTime
                0x000000002000052c                rxData
                0x00000000200005cc                halfBitNumber
                0x00000000200005d0                rxPacket
                0x00000000200005d4                txData
                0x0000000020000674                time_int2
                0x00000000200006ec                flagsData
                0x000000002000073c                txDataW
                0x0000000020000740                rxFrame
                0x0000000020000744                backwardFrameDelay
                0x000000002000076c                time_int
                0x00000000200007e4                rxDataW
                0x00000000200007e8                txPacket
                0x00000000200007ec                daliState
                0x00000000200007ed                txPriority
                0x00000000200007ee                rxDataR
                0x00000000200007ef                txDataR
                0x00000000200007f0                txPacket_temp
                0x00000000200007f4                DALIFlags
                0x00000000200007f8                prevBit
                0x00000000200007fc                time_int3
                0x0000000020000874                rxPacketLen
 *fill*         0x0000000020000875        0x3 
 COMMON         0x0000000020000878       0x46 Core/Src/dali_application.o
                0x0000000020000878                dead_time
                0x000000002000087c                deviceGroups
                0x0000000020000880                instanceGroup2
                0x0000000020000882                extendedVersionNumber
                0x0000000020000884                versionNumber
                0x0000000020000886                report_time
                0x0000000020000888                previousFrame
                0x000000002000088c                resolution
                0x000000002000088e                applicationControllerPresent
                0x0000000020000890                inputValue_latch
                0x0000000020000894                initialise_time
                0x0000000020000896                tDeadtime
                0x0000000020000898                shortAddress
                0x000000002000089a                applicationActive
                0x000000002000089c                instanceType
                0x000000002000089e                instanceActive
                0x00000000200008a0                operatingMode
                0x00000000200008a2                instanceGroup1
                0x00000000200008a4                applicationControllerAlwaysActive
                0x00000000200008a6                inputValue
                0x00000000200008a8                instanceNumber
                0x00000000200008aa                quiescent_time
                0x00000000200008ab                inputValue_byte
                0x00000000200008ac                randomAddress
                0x00000000200008b0                eventFilter
                0x00000000200008b2                numberOfInstances
                0x00000000200008b4                instanceGroup0
                0x00000000200008b6                eventScheme
                0x00000000200008b8                tReport
                0x00000000200008ba                powerCycleNotification
                0x00000000200008bc                eventPriority
 *fill*         0x00000000200008be        0x2 
 COMMON         0x00000000200008c0      0x100 Core/Src/dali_memory.o
                0x00000000200008c0                lock_byte
 COMMON         0x00000000200009c0       0x10 Core/Src/iwdg.o
                0x00000000200009c0                hiwdg
 COMMON         0x00000000200009d0        0x5 Core/Src/main.o
                0x00000000200009d0                sensor_val
                0x00000000200009d4                adc_flag
 *fill*         0x00000000200009d5        0x3 
 COMMON         0x00000000200009d8      0x100 Core/Src/tim.o
                0x00000000200009d8                htim3
                0x0000000020000a18                htim6
                0x0000000020000a58                htim2
                0x0000000020000a98                htim14
 COMMON         0x0000000020000ad8        0x4 Drivers/STM32F0xx_HAL_Driver/Src/stm32f0xx_hal.o
                0x0000000020000ad8                uwTick
 *fill*         0x0000000020000adc        0x4 
 COMMON         0x0000000020000ae0       0x20 Drivers/STM32F0xx_HAL_Driver/Src/stm32f0xx_hal_flash.o
                0x0000000020000ae0                pFlash
 COMMON         0x0000000020000b00        0x4 c:/st/stm32cubeide_1.0.2/stm32cubeide/plugins/com.st.stm32cube.ide.mcu.externaltools.gnu-tools-for-stm32.7-2018-q2-update.win32_1.0.0.201904181610/tools/bin/../lib/gcc/arm-none-eabi/7.3.1/../../../../arm-none-eabi/lib/thumb/v6-m\libc_nano.a(lib_a-reent.o)
                0x0000000020000b00                errno
                0x0000000020000b04                . = ALIGN (0x4)
                0x0000000020000b04                _ebss = .
                0x0000000020000b04                __bss_end__ = _ebss

._user_heap_stack
                0x0000000020000b04      0x604 load address 0x0000000008008f3c
                0x0000000020000b08                . = ALIGN (0x8)
 *fill*         0x0000000020000b04        0x4 
                0x0000000020000b08                PROVIDE (end = .)
                [!provide]                        PROVIDE (_end = .)
                0x0000000020000d08                . = (. + _Min_Heap_Size)
 *fill*         0x0000000020000b08      0x200 
                0x0000000020001108                . = (. + _Min_Stack_Size)
 *fill*         0x0000000020000d08      0x400 
                0x0000000020001108                . = ALIGN (0x8)

/DISCARD/
 libc.a(*)
 libm.a(*)
 libgcc.a(*)

.ARM.attributes
                0x0000000000000000       0x28
 *(.ARM.attributes)
 .ARM.attributes
                0x0000000000000000       0x1e c:/st/stm32cubeide_1.0.2/stm32cubeide/plugins/com.st.stm32cube.ide.mcu.externaltools.gnu-tools-for-stm32.7-2018-q2-update.win32_1.0.0.201904181610/tools/bin/../lib/gcc/arm-none-eabi/7.3.1/thumb/v6-m/crti.o
 .ARM.attributes
                0x000000000000001e       0x2c c:/st/stm32cubeide_1.0.2/stm32cubeide/plugins/com.st.stm32cube.ide.mcu.externaltools.gnu-tools-for-stm32.7-2018-q2-update.win32_1.0.0.201904181610/tools/bin/../lib/gcc/arm-none-eabi/7.3.1/thumb/v6-m/crtbegin.o
 .ARM.attributes
                0x000000000000004a       0x31 Core/Src/adc.o
 .ARM.attributes
                0x000000000000007b       0x31 Core/Src/dali.o
 .ARM.attributes
                0x00000000000000ac       0x31 Core/Src/dali_application.o
 .ARM.attributes
                0x00000000000000dd       0x31 Core/Src/dali_memory.o
 .ARM.attributes
                0x000000000000010e       0x31 Core/Src/gpio.o
 .ARM.attributes
                0x000000000000013f       0x31 Core/Src/iwdg.o
 .ARM.attributes
                0x0000000000000170       0x31 Core/Src/main.o
 .ARM.attributes
                0x00000000000001a1       0x31 Core/Src/stm32f0xx_hal_msp.o
 .ARM.attributes
                0x00000000000001d2       0x31 Core/Src/stm32f0xx_it.o
 .ARM.attributes
                0x0000000000000203       0x31 Core/Src/sysmem.o
 .ARM.attributes
                0x0000000000000234       0x31 Core/Src/system_stm32f0xx.o
 .ARM.attributes
                0x0000000000000265       0x31 Core/Src/tim.o
 .ARM.attributes
                0x0000000000000296       0x21 Core/Startup/startup_stm32f051k8ux.o
 .ARM.attributes
                0x00000000000002b7       0x31 Drivers/STM32F0xx_HAL_Driver/Src/stm32f0xx_hal.o
 .ARM.attributes
                0x00000000000002e8       0x31 Drivers/STM32F0xx_HAL_Driver/Src/stm32f0xx_hal_adc.o
 .ARM.attributes
                0x0000000000000319       0x31 Drivers/STM32F0xx_HAL_Driver/Src/stm32f0xx_hal_adc_ex.o
 .ARM.attributes
                0x000000000000034a       0x31 Drivers/STM32F0xx_HAL_Driver/Src/stm32f0xx_hal_cortex.o
 .ARM.attributes
                0x000000000000037b       0x31 Drivers/STM32F0xx_HAL_Driver/Src/stm32f0xx_hal_flash.o
 .ARM.attributes
                0x00000000000003ac       0x31 Drivers/STM32F0xx_HAL_Driver/Src/stm32f0xx_hal_flash_ex.o
 .ARM.attributes
                0x00000000000003dd       0x31 Drivers/STM32F0xx_HAL_Driver/Src/stm32f0xx_hal_gpio.o
 .ARM.attributes
                0x000000000000040e       0x31 Drivers/STM32F0xx_HAL_Driver/Src/stm32f0xx_hal_iwdg.o
 .ARM.attributes
                0x000000000000043f       0x31 Drivers/STM32F0xx_HAL_Driver/Src/stm32f0xx_hal_pwr.o
 .ARM.attributes
                0x0000000000000470       0x31 Drivers/STM32F0xx_HAL_Driver/Src/stm32f0xx_hal_rcc.o
 .ARM.attributes
                0x00000000000004a1       0x31 Drivers/STM32F0xx_HAL_Driver/Src/stm32f0xx_hal_tim.o
 .ARM.attributes
                0x00000000000004d2       0x31 Drivers/STM32F0xx_HAL_Driver/Src/stm32f0xx_hal_tim_ex.o
 .ARM.attributes
                0x0000000000000503       0x2c c:/st/stm32cubeide_1.0.2/stm32cubeide/plugins/com.st.stm32cube.ide.mcu.externaltools.gnu-tools-for-stm32.7-2018-q2-update.win32_1.0.0.201904181610/tools/bin/../lib/gcc/arm-none-eabi/7.3.1/../../../../arm-none-eabi/lib/thumb/v6-m\libc_nano.a(lib_a-errno.o)
 .ARM.attributes
                0x000000000000052f       0x2c c:/st/stm32cubeide_1.0.2/stm32cubeide/plugins/com.st.stm32cube.ide.mcu.externaltools.gnu-tools-for-stm32.7-2018-q2-update.win32_1.0.0.201904181610/tools/bin/../lib/gcc/arm-none-eabi/7.3.1/../../../../arm-none-eabi/lib/thumb/v6-m\libc_nano.a(lib_a-impure.o)
 .ARM.attributes
                0x000000000000055b       0x2c c:/st/stm32cubeide_1.0.2/stm32cubeide/plugins/com.st.stm32cube.ide.mcu.externaltools.gnu-tools-for-stm32.7-2018-q2-update.win32_1.0.0.201904181610/tools/bin/../lib/gcc/arm-none-eabi/7.3.1/../../../../arm-none-eabi/lib/thumb/v6-m\libc_nano.a(lib_a-init.o)
 .ARM.attributes
                0x0000000000000587       0x2c c:/st/stm32cubeide_1.0.2/stm32cubeide/plugins/com.st.stm32cube.ide.mcu.externaltools.gnu-tools-for-stm32.7-2018-q2-update.win32_1.0.0.201904181610/tools/bin/../lib/gcc/arm-none-eabi/7.3.1/../../../../arm-none-eabi/lib/thumb/v6-m\libc_nano.a(lib_a-memset.o)
 .ARM.attributes
                0x00000000000005b3       0x2c c:/st/stm32cubeide_1.0.2/stm32cubeide/plugins/com.st.stm32cube.ide.mcu.externaltools.gnu-tools-for-stm32.7-2018-q2-update.win32_1.0.0.201904181610/tools/bin/../lib/gcc/arm-none-eabi/7.3.1/../../../../arm-none-eabi/lib/thumb/v6-m\libc_nano.a(lib_a-rand.o)
 .ARM.attributes
                0x00000000000005df       0x2c c:/st/stm32cubeide_1.0.2/stm32cubeide/plugins/com.st.stm32cube.ide.mcu.externaltools.gnu-tools-for-stm32.7-2018-q2-update.win32_1.0.0.201904181610/tools/bin/../lib/gcc/arm-none-eabi/7.3.1/../../../../arm-none-eabi/lib/thumb/v6-m\libc_nano.a(lib_a-time.o)
 .ARM.attributes
                0x000000000000060b       0x2c c:/st/stm32cubeide_1.0.2/stm32cubeide/plugins/com.st.stm32cube.ide.mcu.externaltools.gnu-tools-for-stm32.7-2018-q2-update.win32_1.0.0.201904181610/tools/bin/../lib/gcc/arm-none-eabi/7.3.1/../../../../arm-none-eabi/lib/thumb/v6-m\libc_nano.a(lib_a-gettimeofdayr.o)
 .ARM.attributes
                0x0000000000000637       0x2c c:/st/stm32cubeide_1.0.2/stm32cubeide/plugins/com.st.stm32cube.ide.mcu.externaltools.gnu-tools-for-stm32.7-2018-q2-update.win32_1.0.0.201904181610/tools/bin/../lib/gcc/arm-none-eabi/7.3.1/../../../../arm-none-eabi/lib/thumb/v6-m\libc_nano.a(lib_a-malloc.o)
 .ARM.attributes
                0x0000000000000663       0x2c c:/st/stm32cubeide_1.0.2/stm32cubeide/plugins/com.st.stm32cube.ide.mcu.externaltools.gnu-tools-for-stm32.7-2018-q2-update.win32_1.0.0.201904181610/tools/bin/../lib/gcc/arm-none-eabi/7.3.1/../../../../arm-none-eabi/lib/thumb/v6-m\libc_nano.a(lib_a-nano-mallocr.o)
 .ARM.attributes
                0x000000000000068f       0x2c c:/st/stm32cubeide_1.0.2/stm32cubeide/plugins/com.st.stm32cube.ide.mcu.externaltools.gnu-tools-for-stm32.7-2018-q2-update.win32_1.0.0.201904181610/tools/bin/../lib/gcc/arm-none-eabi/7.3.1/../../../../arm-none-eabi/lib/thumb/v6-m\libc_nano.a(lib_a-reent.o)
 .ARM.attributes
                0x00000000000006bb       0x2c c:/st/stm32cubeide_1.0.2/stm32cubeide/plugins/com.st.stm32cube.ide.mcu.externaltools.gnu-tools-for-stm32.7-2018-q2-update.win32_1.0.0.201904181610/tools/bin/../lib/gcc/arm-none-eabi/7.3.1/../../../../arm-none-eabi/lib/thumb/v6-m\libc_nano.a(lib_a-sbrkr.o)
 .ARM.attributes
                0x00000000000006e7       0x2c c:/st/stm32cubeide_1.0.2/stm32cubeide/plugins/com.st.stm32cube.ide.mcu.externaltools.gnu-tools-for-stm32.7-2018-q2-update.win32_1.0.0.201904181610/tools/bin/../lib/gcc/arm-none-eabi/7.3.1/../../../../arm-none-eabi/lib/thumb/v6-m\libc_nano.a(lib_a-mlock.o)
 .ARM.attributes
                0x0000000000000713       0x1e c:/st/stm32cubeide_1.0.2/stm32cubeide/plugins/com.st.stm32cube.ide.mcu.externaltools.gnu-tools-for-stm32.7-2018-q2-update.win32_1.0.0.201904181610/tools/bin/../lib/gcc/arm-none-eabi/7.3.1/thumb/v6-m\libgcc.a(_udivsi3.o)
 .ARM.attributes
                0x0000000000000731       0x1e c:/st/stm32cubeide_1.0.2/stm32cubeide/plugins/com.st.stm32cube.ide.mcu.externaltools.gnu-tools-for-stm32.7-2018-q2-update.win32_1.0.0.201904181610/tools/bin/../lib/gcc/arm-none-eabi/7.3.1/thumb/v6-m\libgcc.a(_divsi3.o)
 .ARM.attributes
                0x000000000000074f       0x1e c:/st/stm32cubeide_1.0.2/stm32cubeide/plugins/com.st.stm32cube.ide.mcu.externaltools.gnu-tools-for-stm32.7-2018-q2-update.win32_1.0.0.201904181610/tools/bin/../lib/gcc/arm-none-eabi/7.3.1/thumb/v6-m\libgcc.a(_dvmd_tls.o)
 .ARM.attributes
                0x000000000000076d       0x2c c:/st/stm32cubeide_1.0.2/stm32cubeide/plugins/com.st.stm32cube.ide.mcu.externaltools.gnu-tools-for-stm32.7-2018-q2-update.win32_1.0.0.201904181610/tools/bin/../lib/gcc/arm-none-eabi/7.3.1/thumb/v6-m\libgcc.a(_muldi3.o)
 .ARM.attributes
                0x0000000000000799       0x2c c:/st/stm32cubeide_1.0.2/stm32cubeide/plugins/com.st.stm32cube.ide.mcu.externaltools.gnu-tools-for-stm32.7-2018-q2-update.win32_1.0.0.201904181610/tools/bin/../lib/gcc/arm-none-eabi/7.3.1/../../../../arm-none-eabi/lib/thumb/v6-m\libnosys.a(gettod.o)
 .ARM.attributes
                0x00000000000007c5       0x1e c:/st/stm32cubeide_1.0.2/stm32cubeide/plugins/com.st.stm32cube.ide.mcu.externaltools.gnu-tools-for-stm32.7-2018-q2-update.win32_1.0.0.201904181610/tools/bin/../lib/gcc/arm-none-eabi/7.3.1/thumb/v6-m/crtn.o
OUTPUT(3342_014_DALIsensor.elf elf32-littlearm)

.debug_info     0x0000000000000000     0xf735
 .debug_info    0x0000000000000000      0x9eb Core/Src/adc.o
 .debug_info    0x00000000000009eb     0x169e Core/Src/dali.o
 .debug_info    0x0000000000002089     0x188b Core/Src/dali_application.o
 .debug_info    0x0000000000003914      0x71c Core/Src/dali_memory.o
 .debug_info    0x0000000000004030      0x73b Core/Src/gpio.o
 .debug_info    0x000000000000476b      0x3e4 Core/Src/iwdg.o
 .debug_info    0x0000000000004b4f      0xdec Core/Src/main.o
 .debug_info    0x000000000000593b      0x3e8 Core/Src/stm32f0xx_hal_msp.o
 .debug_info    0x0000000000005d23      0x8e1 Core/Src/stm32f0xx_it.o
 .debug_info    0x0000000000006604      0x91c Core/Src/sysmem.o
 .debug_info    0x0000000000006f20      0x29e Core/Src/system_stm32f0xx.o
 .debug_info    0x00000000000071be      0xc3a Core/Src/tim.o
 .debug_info    0x0000000000007df8       0x22 Core/Startup/startup_stm32f051k8ux.o
 .debug_info    0x0000000000007e1a      0x6a8 Drivers/STM32F0xx_HAL_Driver/Src/stm32f0xx_hal.o
 .debug_info    0x00000000000084c2      0xc9f Drivers/STM32F0xx_HAL_Driver/Src/stm32f0xx_hal_adc.o
 .debug_info    0x0000000000009161      0x5fa Drivers/STM32F0xx_HAL_Driver/Src/stm32f0xx_hal_adc_ex.o
 .debug_info    0x000000000000975b      0x77a Drivers/STM32F0xx_HAL_Driver/Src/stm32f0xx_hal_cortex.o
 .debug_info    0x0000000000009ed5      0x57f Drivers/STM32F0xx_HAL_Driver/Src/stm32f0xx_hal_flash.o
 .debug_info    0x000000000000a454      0x76f Drivers/STM32F0xx_HAL_Driver/Src/stm32f0xx_hal_flash_ex.o
 .debug_info    0x000000000000abc3      0x673 Drivers/STM32F0xx_HAL_Driver/Src/stm32f0xx_hal_gpio.o
 .debug_info    0x000000000000b236      0x29c Drivers/STM32F0xx_HAL_Driver/Src/stm32f0xx_hal_iwdg.o
 .debug_info    0x000000000000b4d2      0x43a Drivers/STM32F0xx_HAL_Driver/Src/stm32f0xx_hal_pwr.o
 .debug_info    0x000000000000b90c      0x821 Drivers/STM32F0xx_HAL_Driver/Src/stm32f0xx_hal_rcc.o
 .debug_info    0x000000000000c12d     0x2522 Drivers/STM32F0xx_HAL_Driver/Src/stm32f0xx_hal_tim.o
 .debug_info    0x000000000000e64f     0x10e6 Drivers/STM32F0xx_HAL_Driver/Src/stm32f0xx_hal_tim_ex.o

.debug_abbrev   0x0000000000000000     0x2cf0
 .debug_abbrev  0x0000000000000000      0x1a2 Core/Src/adc.o
 .debug_abbrev  0x00000000000001a2      0x330 Core/Src/dali.o
 .debug_abbrev  0x00000000000004d2      0x281 Core/Src/dali_application.o
 .debug_abbrev  0x0000000000000753      0x205 Core/Src/dali_memory.o
 .debug_abbrev  0x0000000000000958      0x1de Core/Src/gpio.o
 .debug_abbrev  0x0000000000000b36      0x121 Core/Src/iwdg.o
 .debug_abbrev  0x0000000000000c57      0x225 Core/Src/main.o
 .debug_abbrev  0x0000000000000e7c      0x112 Core/Src/stm32f0xx_hal_msp.o
 .debug_abbrev  0x0000000000000f8e      0x1a8 Core/Src/stm32f0xx_it.o
 .debug_abbrev  0x0000000000001136      0x1bb Core/Src/sysmem.o
 .debug_abbrev  0x00000000000012f1      0x12b Core/Src/system_stm32f0xx.o
 .debug_abbrev  0x000000000000141c      0x233 Core/Src/tim.o
 .debug_abbrev  0x000000000000164f       0x12 Core/Startup/startup_stm32f051k8ux.o
 .debug_abbrev  0x0000000000001661      0x1f2 Drivers/STM32F0xx_HAL_Driver/Src/stm32f0xx_hal.o
 .debug_abbrev  0x0000000000001853      0x1cf Drivers/STM32F0xx_HAL_Driver/Src/stm32f0xx_hal_adc.o
 .debug_abbrev  0x0000000000001a22      0x133 Drivers/STM32F0xx_HAL_Driver/Src/stm32f0xx_hal_adc_ex.o
 .debug_abbrev  0x0000000000001b55      0x273 Drivers/STM32F0xx_HAL_Driver/Src/stm32f0xx_hal_cortex.o
 .debug_abbrev  0x0000000000001dc8      0x22e Drivers/STM32F0xx_HAL_Driver/Src/stm32f0xx_hal_flash.o
 .debug_abbrev  0x0000000000001ff6      0x219 Drivers/STM32F0xx_HAL_Driver/Src/stm32f0xx_hal_flash_ex.o
 .debug_abbrev  0x000000000000220f      0x1c0 Drivers/STM32F0xx_HAL_Driver/Src/stm32f0xx_hal_gpio.o
 .debug_abbrev  0x00000000000023cf      0x147 Drivers/STM32F0xx_HAL_Driver/Src/stm32f0xx_hal_iwdg.o
 .debug_abbrev  0x0000000000002516      0x15f Drivers/STM32F0xx_HAL_Driver/Src/stm32f0xx_hal_pwr.o
 .debug_abbrev  0x0000000000002675      0x20f Drivers/STM32F0xx_HAL_Driver/Src/stm32f0xx_hal_rcc.o
 .debug_abbrev  0x0000000000002884      0x23f Drivers/STM32F0xx_HAL_Driver/Src/stm32f0xx_hal_tim.o
 .debug_abbrev  0x0000000000002ac3      0x22d Drivers/STM32F0xx_HAL_Driver/Src/stm32f0xx_hal_tim_ex.o

.debug_aranges  0x0000000000000000      0xdd8
 .debug_aranges
                0x0000000000000000       0x30 Core/Src/adc.o
 .debug_aranges
                0x0000000000000030       0x90 Core/Src/dali.o
 .debug_aranges
                0x00000000000000c0       0x58 Core/Src/dali_application.o
 .debug_aranges
                0x0000000000000118       0x58 Core/Src/dali_memory.o
 .debug_aranges
                0x0000000000000170       0x58 Core/Src/gpio.o
 .debug_aranges
                0x00000000000001c8       0x20 Core/Src/iwdg.o
 .debug_aranges
                0x00000000000001e8       0x40 Core/Src/main.o
 .debug_aranges
                0x0000000000000228       0x20 Core/Src/stm32f0xx_hal_msp.o
 .debug_aranges
                0x0000000000000248       0x60 Core/Src/stm32f0xx_it.o
 .debug_aranges
                0x00000000000002a8       0x20 Core/Src/sysmem.o
 .debug_aranges
                0x00000000000002c8       0x28 Core/Src/system_stm32f0xx.o
 .debug_aranges
                0x00000000000002f0       0x78 Core/Src/tim.o
 .debug_aranges
                0x0000000000000368       0x28 Core/Startup/startup_stm32f051k8ux.o
 .debug_aranges
                0x0000000000000390       0xd0 Drivers/STM32F0xx_HAL_Driver/Src/stm32f0xx_hal.o
 .debug_aranges
                0x0000000000000460       0xf8 Drivers/STM32F0xx_HAL_Driver/Src/stm32f0xx_hal_adc.o
 .debug_aranges
                0x0000000000000558       0x20 Drivers/STM32F0xx_HAL_Driver/Src/stm32f0xx_hal_adc_ex.o
 .debug_aranges
                0x0000000000000578       0xc0 Drivers/STM32F0xx_HAL_Driver/Src/stm32f0xx_hal_cortex.o
 .debug_aranges
                0x0000000000000638       0x88 Drivers/STM32F0xx_HAL_Driver/Src/stm32f0xx_hal_flash.o
 .debug_aranges
                0x00000000000006c0       0x98 Drivers/STM32F0xx_HAL_Driver/Src/stm32f0xx_hal_flash_ex.o
 .debug_aranges
                0x0000000000000758       0x58 Drivers/STM32F0xx_HAL_Driver/Src/stm32f0xx_hal_gpio.o
 .debug_aranges
                0x00000000000007b0       0x28 Drivers/STM32F0xx_HAL_Driver/Src/stm32f0xx_hal_iwdg.o
 .debug_aranges
                0x00000000000007d8       0x78 Drivers/STM32F0xx_HAL_Driver/Src/stm32f0xx_hal_pwr.o
 .debug_aranges
                0x0000000000000850       0x80 Drivers/STM32F0xx_HAL_Driver/Src/stm32f0xx_hal_rcc.o
 .debug_aranges
                0x00000000000008d0      0x3b8 Drivers/STM32F0xx_HAL_Driver/Src/stm32f0xx_hal_tim.o
 .debug_aranges
                0x0000000000000c88      0x150 Drivers/STM32F0xx_HAL_Driver/Src/stm32f0xx_hal_tim_ex.o

.debug_ranges   0x0000000000000000      0xcb0
 .debug_ranges  0x0000000000000000       0x20 Core/Src/adc.o
 .debug_ranges  0x0000000000000020       0x80 Core/Src/dali.o
 .debug_ranges  0x00000000000000a0       0xa8 Core/Src/dali_application.o
 .debug_ranges  0x0000000000000148       0x48 Core/Src/dali_memory.o
 .debug_ranges  0x0000000000000190       0x48 Core/Src/gpio.o
 .debug_ranges  0x00000000000001d8       0x10 Core/Src/iwdg.o
 .debug_ranges  0x00000000000001e8       0x30 Core/Src/main.o
 .debug_ranges  0x0000000000000218       0x10 Core/Src/stm32f0xx_hal_msp.o
 .debug_ranges  0x0000000000000228       0x50 Core/Src/stm32f0xx_it.o
 .debug_ranges  0x0000000000000278       0x10 Core/Src/sysmem.o
 .debug_ranges  0x0000000000000288       0x18 Core/Src/system_stm32f0xx.o
 .debug_ranges  0x00000000000002a0       0x68 Core/Src/tim.o
 .debug_ranges  0x0000000000000308       0x20 Core/Startup/startup_stm32f051k8ux.o
 .debug_ranges  0x0000000000000328       0xc0 Drivers/STM32F0xx_HAL_Driver/Src/stm32f0xx_hal.o
 .debug_ranges  0x00000000000003e8       0xe8 Drivers/STM32F0xx_HAL_Driver/Src/stm32f0xx_hal_adc.o
 .debug_ranges  0x00000000000004d0       0x10 Drivers/STM32F0xx_HAL_Driver/Src/stm32f0xx_hal_adc_ex.o
 .debug_ranges  0x00000000000004e0       0xb0 Drivers/STM32F0xx_HAL_Driver/Src/stm32f0xx_hal_cortex.o
 .debug_ranges  0x0000000000000590       0x78 Drivers/STM32F0xx_HAL_Driver/Src/stm32f0xx_hal_flash.o
 .debug_ranges  0x0000000000000608       0x88 Drivers/STM32F0xx_HAL_Driver/Src/stm32f0xx_hal_flash_ex.o
 .debug_ranges  0x0000000000000690       0x48 Drivers/STM32F0xx_HAL_Driver/Src/stm32f0xx_hal_gpio.o
 .debug_ranges  0x00000000000006d8       0x18 Drivers/STM32F0xx_HAL_Driver/Src/stm32f0xx_hal_iwdg.o
 .debug_ranges  0x00000000000006f0       0x68 Drivers/STM32F0xx_HAL_Driver/Src/stm32f0xx_hal_pwr.o
 .debug_ranges  0x0000000000000758       0x70 Drivers/STM32F0xx_HAL_Driver/Src/stm32f0xx_hal_rcc.o
 .debug_ranges  0x00000000000007c8      0x3a8 Drivers/STM32F0xx_HAL_Driver/Src/stm32f0xx_hal_tim.o
 .debug_ranges  0x0000000000000b70      0x140 Drivers/STM32F0xx_HAL_Driver/Src/stm32f0xx_hal_tim_ex.o

.debug_macro    0x0000000000000000    0x10890
 .debug_macro   0x0000000000000000      0x1f4 Core/Src/adc.o
 .debug_macro   0x00000000000001f4      0xa42 Core/Src/adc.o
 .debug_macro   0x0000000000000c36      0x139 Core/Src/adc.o
 .debug_macro   0x0000000000000d6f       0x2e Core/Src/adc.o
 .debug_macro   0x0000000000000d9d       0x22 Core/Src/adc.o
 .debug_macro   0x0000000000000dbf       0x22 Core/Src/adc.o
 .debug_macro   0x0000000000000de1       0x8e Core/Src/adc.o
 .debug_macro   0x0000000000000e6f       0x51 Core/Src/adc.o
 .debug_macro   0x0000000000000ec0       0xef Core/Src/adc.o
 .debug_macro   0x0000000000000faf       0x6a Core/Src/adc.o
 .debug_macro   0x0000000000001019      0x1df Core/Src/adc.o
 .debug_macro   0x00000000000011f8       0x1c Core/Src/adc.o
 .debug_macro   0x0000000000001214       0x22 Core/Src/adc.o
 .debug_macro   0x0000000000001236       0xb5 Core/Src/adc.o
 .debug_macro   0x00000000000012eb      0x391 Core/Src/adc.o
 .debug_macro   0x000000000000167c     0x8cdd Core/Src/adc.o
 .debug_macro   0x000000000000a359       0x3c Core/Src/adc.o
 .debug_macro   0x000000000000a395      0x174 Core/Src/adc.o
 .debug_macro   0x000000000000a509       0x53 Core/Src/adc.o
 .debug_macro   0x000000000000a55c      0x924 Core/Src/adc.o
 .debug_macro   0x000000000000ae80      0x251 Core/Src/adc.o
 .debug_macro   0x000000000000b0d1      0x12f Core/Src/adc.o
 .debug_macro   0x000000000000b200      0x114 Core/Src/adc.o
 .debug_macro   0x000000000000b314      0x1a0 Core/Src/adc.o
 .debug_macro   0x000000000000b4b4      0x1ed Core/Src/adc.o
 .debug_macro   0x000000000000b6a1       0x34 Core/Src/adc.o
 .debug_macro   0x000000000000b6d5       0x43 Core/Src/adc.o
 .debug_macro   0x000000000000b718       0x28 Core/Src/adc.o
 .debug_macro   0x000000000000b740      0x33d Core/Src/adc.o
 .debug_macro   0x000000000000ba7d       0xd4 Core/Src/adc.o
 .debug_macro   0x000000000000bb51       0xb0 Core/Src/adc.o
 .debug_macro   0x000000000000bc01      0x199 Core/Src/adc.o
 .debug_macro   0x000000000000bd9a      0x22c Core/Src/adc.o
 .debug_macro   0x000000000000bfc6       0x5f Core/Src/adc.o
 .debug_macro   0x000000000000c025       0xa5 Core/Src/adc.o
 .debug_macro   0x000000000000c0ca       0x85 Core/Src/adc.o
 .debug_macro   0x000000000000c14f       0x4c Core/Src/adc.o
 .debug_macro   0x000000000000c19b      0x112 Core/Src/adc.o
 .debug_macro   0x000000000000c2ad      0x8ae Core/Src/adc.o
 .debug_macro   0x000000000000cb5b       0x28 Core/Src/adc.o
 .debug_macro   0x000000000000cb83      0x114 Core/Src/adc.o
 .debug_macro   0x000000000000cc97       0x8e Core/Src/adc.o
 .debug_macro   0x000000000000cd25       0xf4 Core/Src/adc.o
 .debug_macro   0x000000000000ce19       0x5e Core/Src/adc.o
 .debug_macro   0x000000000000ce77      0x46c Core/Src/dali.o
 .debug_macro   0x000000000000d2e3       0x18 Core/Src/dali.o
 .debug_macro   0x000000000000d2fb       0x46 Core/Src/dali.o
 .debug_macro   0x000000000000d341       0x3c Core/Src/dali.o
 .debug_macro   0x000000000000d37d       0x34 Core/Src/dali.o
 .debug_macro   0x000000000000d3b1       0x16 Core/Src/dali.o
 .debug_macro   0x000000000000d3c7       0x35 Core/Src/dali.o
 .debug_macro   0x000000000000d3fc       0x52 Core/Src/dali.o
 .debug_macro   0x000000000000d44e       0x1f Core/Src/dali.o
 .debug_macro   0x000000000000d46d       0x43 Core/Src/dali.o
 .debug_macro   0x000000000000d4b0       0x20 Core/Src/dali.o
 .debug_macro   0x000000000000d4d0      0x1a3 Core/Src/dali.o
 .debug_macro   0x000000000000d673      0x32a Core/Src/dali.o
 .debug_macro   0x000000000000d99d       0x16 Core/Src/dali.o
 .debug_macro   0x000000000000d9b3       0x29 Core/Src/dali.o
 .debug_macro   0x000000000000d9dc       0x16 Core/Src/dali.o
 .debug_macro   0x000000000000d9f2       0x10 Core/Src/dali.o
 .debug_macro   0x000000000000da02       0x10 Core/Src/dali.o
 .debug_macro   0x000000000000da12       0x10 Core/Src/dali.o
 .debug_macro   0x000000000000da22       0x1c Core/Src/dali.o
 .debug_macro   0x000000000000da3e       0x52 Core/Src/dali.o
 .debug_macro   0x000000000000da90       0x40 Core/Src/dali.o
 .debug_macro   0x000000000000dad0       0x10 Core/Src/dali.o
 .debug_macro   0x000000000000dae0       0x40 Core/Src/dali.o
 .debug_macro   0x000000000000db20       0xd7 Core/Src/dali.o
 .debug_macro   0x000000000000dbf7       0x1c Core/Src/dali.o
 .debug_macro   0x000000000000dc13       0x3d Core/Src/dali.o
 .debug_macro   0x000000000000dc50       0x35 Core/Src/dali.o
 .debug_macro   0x000000000000dc85      0x21e Core/Src/dali_application.o
 .debug_macro   0x000000000000dea3      0x1d2 Core/Src/dali_memory.o
 .debug_macro   0x000000000000e075       0x88 Core/Src/dali_memory.o
 .debug_macro   0x000000000000e0fd      0x1f4 Core/Src/gpio.o
 .debug_macro   0x000000000000e2f1      0x1f4 Core/Src/iwdg.o
 .debug_macro   0x000000000000e4e5      0x216 Core/Src/main.o
 .debug_macro   0x000000000000e6fb      0x1ea Core/Src/stm32f0xx_hal_msp.o
 .debug_macro   0x000000000000e8e5      0x21a Core/Src/stm32f0xx_it.o
 .debug_macro   0x000000000000eaff      0x1ae Core/Src/sysmem.o
 .debug_macro   0x000000000000ecad      0x23b Core/Src/sysmem.o
 .debug_macro   0x000000000000eee8       0x16 Core/Src/sysmem.o
 .debug_macro   0x000000000000eefe      0x1c3 Core/Src/system_stm32f0xx.o
 .debug_macro   0x000000000000f0c1      0x1f4 Core/Src/tim.o
 .debug_macro   0x000000000000f2b5      0x1e7 Drivers/STM32F0xx_HAL_Driver/Src/stm32f0xx_hal.o
 .debug_macro   0x000000000000f49c      0x1e7 Drivers/STM32F0xx_HAL_Driver/Src/stm32f0xx_hal_adc.o
 .debug_macro   0x000000000000f683      0x1cf Drivers/STM32F0xx_HAL_Driver/Src/stm32f0xx_hal_adc_ex.o
 .debug_macro   0x000000000000f852      0x1c3 Drivers/STM32F0xx_HAL_Driver/Src/stm32f0xx_hal_cortex.o
 .debug_macro   0x000000000000fa15      0x1c3 Drivers/STM32F0xx_HAL_Driver/Src/stm32f0xx_hal_flash.o
 .debug_macro   0x000000000000fbd8      0x1d5 Drivers/STM32F0xx_HAL_Driver/Src/stm32f0xx_hal_flash_ex.o
 .debug_macro   0x000000000000fdad      0x1fb Drivers/STM32F0xx_HAL_Driver/Src/stm32f0xx_hal_gpio.o
 .debug_macro   0x000000000000ffa8      0x1c9 Drivers/STM32F0xx_HAL_Driver/Src/stm32f0xx_hal_iwdg.o
 .debug_macro   0x0000000000010171      0x1c3 Drivers/STM32F0xx_HAL_Driver/Src/stm32f0xx_hal_pwr.o
 .debug_macro   0x0000000000010334      0x1d5 Drivers/STM32F0xx_HAL_Driver/Src/stm32f0xx_hal_rcc.o
 .debug_macro   0x0000000000010509      0x1c4 Drivers/STM32F0xx_HAL_Driver/Src/stm32f0xx_hal_tim.o
 .debug_macro   0x00000000000106cd      0x1c3 Drivers/STM32F0xx_HAL_Driver/Src/stm32f0xx_hal_tim_ex.o

.debug_line     0x0000000000000000     0xe0c8
 .debug_line    0x0000000000000000      0x71d Core/Src/adc.o
 .debug_line    0x000000000000071d      0xd32 Core/Src/dali.o
 .debug_line    0x000000000000144f      0xe4c Core/Src/dali_application.o
 .debug_line    0x000000000000229b      0x860 Core/Src/dali_memory.o
 .debug_line    0x0000000000002afb      0x79d Core/Src/gpio.o
 .debug_line    0x0000000000003298      0x6d9 Core/Src/iwdg.o
 .debug_line    0x0000000000003971      0x781 Core/Src/main.o
 .debug_line    0x00000000000040f2      0x6d9 Core/Src/stm32f0xx_hal_msp.o
 .debug_line    0x00000000000047cb      0x7b7 Core/Src/stm32f0xx_it.o
 .debug_line    0x0000000000004f82      0x55e Core/Src/sysmem.o
 .debug_line    0x00000000000054e0      0x6cc Core/Src/system_stm32f0xx.o
 .debug_line    0x0000000000005bac      0x801 Core/Src/tim.o
 .debug_line    0x00000000000063ad       0x89 Core/Startup/startup_stm32f051k8ux.o
 .debug_line    0x0000000000006436      0x868 Drivers/STM32F0xx_HAL_Driver/Src/stm32f0xx_hal.o
 .debug_line    0x0000000000006c9e      0xc45 Drivers/STM32F0xx_HAL_Driver/Src/stm32f0xx_hal_adc.o
 .debug_line    0x00000000000078e3      0x708 Drivers/STM32F0xx_HAL_Driver/Src/stm32f0xx_hal_adc_ex.o
 .debug_line    0x0000000000007feb      0x880 Drivers/STM32F0xx_HAL_Driver/Src/stm32f0xx_hal_cortex.o
 .debug_line    0x000000000000886b      0x871 Drivers/STM32F0xx_HAL_Driver/Src/stm32f0xx_hal_flash.o
 .debug_line    0x00000000000090dc      0x8c8 Drivers/STM32F0xx_HAL_Driver/Src/stm32f0xx_hal_flash_ex.o
 .debug_line    0x00000000000099a4      0x82d Drivers/STM32F0xx_HAL_Driver/Src/stm32f0xx_hal_gpio.o
 .debug_line    0x000000000000a1d1      0x6e5 Drivers/STM32F0xx_HAL_Driver/Src/stm32f0xx_hal_iwdg.o
 .debug_line    0x000000000000a8b6      0x79b Drivers/STM32F0xx_HAL_Driver/Src/stm32f0xx_hal_pwr.o
 .debug_line    0x000000000000b051      0x929 Drivers/STM32F0xx_HAL_Driver/Src/stm32f0xx_hal_rcc.o
 .debug_line    0x000000000000b97a     0x1a9a Drivers/STM32F0xx_HAL_Driver/Src/stm32f0xx_hal_tim.o
 .debug_line    0x000000000000d414      0xcb4 Drivers/STM32F0xx_HAL_Driver/Src/stm32f0xx_hal_tim_ex.o

.debug_str      0x0000000000000000    0x5a4bb
 .debug_str     0x0000000000000000    0x514fe Core/Src/adc.o
                                      0x5179d (size before relaxing)
 .debug_str     0x00000000000514fe     0x45f7 Core/Src/dali.o
                                      0x55b3c (size before relaxing)
 .debug_str     0x0000000000055af5      0xd50 Core/Src/dali_application.o
                                      0x524f1 (size before relaxing)
 .debug_str     0x0000000000056845      0x2b7 Core/Src/dali_memory.o
                                      0x50c41 (size before relaxing)
 .debug_str     0x0000000000056afc      0x20d Core/Src/gpio.o
                                      0x51624 (size before relaxing)
 .debug_str     0x0000000000056d09       0x74 Core/Src/iwdg.o
                                      0x51375 (size before relaxing)
 .debug_str     0x0000000000056d7d      0x168 Core/Src/main.o
                                      0x51bb3 (size before relaxing)
 .debug_str     0x0000000000056ee5       0x2c Core/Src/stm32f0xx_hal_msp.o
                                      0x51349 (size before relaxing)
 .debug_str     0x0000000000056f11       0xab Core/Src/stm32f0xx_it.o
                                      0x517ca (size before relaxing)
 .debug_str     0x0000000000056fbc      0xaf0 Core/Src/sysmem.o
                                       0x7a25 (size before relaxing)
 .debug_str     0x0000000000057aac       0x5f Core/Src/system_stm32f0xx.o
                                      0x50296 (size before relaxing)
 .debug_str     0x0000000000057b0b      0x183 Core/Src/tim.o
                                      0x51a68 (size before relaxing)
 .debug_str     0x0000000000057c8e       0x36 Core/Startup/startup_stm32f051k8ux.o
                                         0x58 (size before relaxing)
 .debug_str     0x0000000000057cc4      0x373 Drivers/STM32F0xx_HAL_Driver/Src/stm32f0xx_hal.o
                                      0x507d4 (size before relaxing)
 .debug_str     0x0000000000058037      0x387 Drivers/STM32F0xx_HAL_Driver/Src/stm32f0xx_hal_adc.o
                                      0x50996 (size before relaxing)
 .debug_str     0x00000000000583be       0xa8 Drivers/STM32F0xx_HAL_Driver/Src/stm32f0xx_hal_adc_ex.o
                                      0x5064f (size before relaxing)
 .debug_str     0x0000000000058466      0x1ef Drivers/STM32F0xx_HAL_Driver/Src/stm32f0xx_hal_cortex.o
                                      0x50688 (size before relaxing)
 .debug_str     0x0000000000058655      0x280 Drivers/STM32F0xx_HAL_Driver/Src/stm32f0xx_hal_flash.o
                                      0x50551 (size before relaxing)
 .debug_str     0x00000000000588d5      0x2d2 Drivers/STM32F0xx_HAL_Driver/Src/stm32f0xx_hal_flash_ex.o
                                      0x506b3 (size before relaxing)
 .debug_str     0x0000000000058ba7      0x1eb Drivers/STM32F0xx_HAL_Driver/Src/stm32f0xx_hal_gpio.o
                                      0x50532 (size before relaxing)
 .debug_str     0x0000000000058d92       0x75 Drivers/STM32F0xx_HAL_Driver/Src/stm32f0xx_hal_iwdg.o
                                      0x502fd (size before relaxing)
 .debug_str     0x0000000000058e07      0x18d Drivers/STM32F0xx_HAL_Driver/Src/stm32f0xx_hal_pwr.o
                                      0x503ff (size before relaxing)
 .debug_str     0x0000000000058f94      0x23d Drivers/STM32F0xx_HAL_Driver/Src/stm32f0xx_hal_rcc.o
                                      0x506a0 (size before relaxing)
 .debug_str     0x00000000000591d1      0xdbb Drivers/STM32F0xx_HAL_Driver/Src/stm32f0xx_hal_tim.o
                                      0x5148f (size before relaxing)
 .debug_str     0x0000000000059f8c      0x52f Drivers/STM32F0xx_HAL_Driver/Src/stm32f0xx_hal_tim_ex.o
                                      0x50c43 (size before relaxing)

.comment        0x0000000000000000       0x7b
 .comment       0x0000000000000000       0x7b Core/Src/adc.o
                                         0x7c (size before relaxing)
 .comment       0x000000000000007b       0x7c Core/Src/dali.o
 .comment       0x000000000000007b       0x7c Core/Src/dali_application.o
 .comment       0x000000000000007b       0x7c Core/Src/dali_memory.o
 .comment       0x000000000000007b       0x7c Core/Src/gpio.o
 .comment       0x000000000000007b       0x7c Core/Src/iwdg.o
 .comment       0x000000000000007b       0x7c Core/Src/main.o
 .comment       0x000000000000007b       0x7c Core/Src/stm32f0xx_hal_msp.o
 .comment       0x000000000000007b       0x7c Core/Src/stm32f0xx_it.o
 .comment       0x000000000000007b       0x7c Core/Src/sysmem.o
 .comment       0x000000000000007b       0x7c Core/Src/system_stm32f0xx.o
 .comment       0x000000000000007b       0x7c Core/Src/tim.o
 .comment       0x000000000000007b       0x7c Drivers/STM32F0xx_HAL_Driver/Src/stm32f0xx_hal.o
 .comment       0x000000000000007b       0x7c Drivers/STM32F0xx_HAL_Driver/Src/stm32f0xx_hal_adc.o
 .comment       0x000000000000007b       0x7c Drivers/STM32F0xx_HAL_Driver/Src/stm32f0xx_hal_adc_ex.o
 .comment       0x000000000000007b       0x7c Drivers/STM32F0xx_HAL_Driver/Src/stm32f0xx_hal_cortex.o
 .comment       0x000000000000007b       0x7c Drivers/STM32F0xx_HAL_Driver/Src/stm32f0xx_hal_flash.o
 .comment       0x000000000000007b       0x7c Drivers/STM32F0xx_HAL_Driver/Src/stm32f0xx_hal_flash_ex.o
 .comment       0x000000000000007b       0x7c Drivers/STM32F0xx_HAL_Driver/Src/stm32f0xx_hal_gpio.o
 .comment       0x000000000000007b       0x7c Drivers/STM32F0xx_HAL_Driver/Src/stm32f0xx_hal_iwdg.o
 .comment       0x000000000000007b       0x7c Drivers/STM32F0xx_HAL_Driver/Src/stm32f0xx_hal_pwr.o
 .comment       0x000000000000007b       0x7c Drivers/STM32F0xx_HAL_Driver/Src/stm32f0xx_hal_rcc.o
 .comment       0x000000000000007b       0x7c Drivers/STM32F0xx_HAL_Driver/Src/stm32f0xx_hal_tim.o
 .comment       0x000000000000007b       0x7c Drivers/STM32F0xx_HAL_Driver/Src/stm32f0xx_hal_tim_ex.o

.debug_frame    0x0000000000000000     0x30f8
 .debug_frame   0x0000000000000000       0x70 Core/Src/adc.o
 .debug_frame   0x0000000000000070      0x1d0 Core/Src/dali.o
 .debug_frame   0x0000000000000240      0x104 Core/Src/dali_application.o
 .debug_frame   0x0000000000000344      0x10c Core/Src/dali_memory.o
 .debug_frame   0x0000000000000450       0xfc Core/Src/gpio.o
 .debug_frame   0x000000000000054c       0x2c Core/Src/iwdg.o
 .debug_frame   0x0000000000000578       0xac Core/Src/main.o
 .debug_frame   0x0000000000000624       0x30 Core/Src/stm32f0xx_hal_msp.o
 .debug_frame   0x0000000000000654      0x10c Core/Src/stm32f0xx_it.o
 .debug_frame   0x0000000000000760       0x30 Core/Src/sysmem.o
 .debug_frame   0x0000000000000790       0x4c Core/Src/system_stm32f0xx.o
 .debug_frame   0x00000000000007dc      0x18c Core/Src/tim.o
 .debug_frame   0x0000000000000968      0x2a4 Drivers/STM32F0xx_HAL_Driver/Src/stm32f0xx_hal.o
 .debug_frame   0x0000000000000c0c      0x3a0 Drivers/STM32F0xx_HAL_Driver/Src/stm32f0xx_hal_adc.o
 .debug_frame   0x0000000000000fac       0x30 Drivers/STM32F0xx_HAL_Driver/Src/stm32f0xx_hal_adc_ex.o
 .debug_frame   0x0000000000000fdc      0x2a0 Drivers/STM32F0xx_HAL_Driver/Src/stm32f0xx_hal_cortex.o
 .debug_frame   0x000000000000127c      0x1c4 Drivers/STM32F0xx_HAL_Driver/Src/stm32f0xx_hal_flash.o
 .debug_frame   0x0000000000001440      0x220 Drivers/STM32F0xx_HAL_Driver/Src/stm32f0xx_hal_flash_ex.o
 .debug_frame   0x0000000000001660      0x110 Drivers/STM32F0xx_HAL_Driver/Src/stm32f0xx_hal_gpio.o
 .debug_frame   0x0000000000001770       0x50 Drivers/STM32F0xx_HAL_Driver/Src/stm32f0xx_hal_iwdg.o
 .debug_frame   0x00000000000017c0      0x170 Drivers/STM32F0xx_HAL_Driver/Src/stm32f0xx_hal_pwr.o
 .debug_frame   0x0000000000001930      0x198 Drivers/STM32F0xx_HAL_Driver/Src/stm32f0xx_hal_rcc.o
 .debug_frame   0x0000000000001ac8      0xe90 Drivers/STM32F0xx_HAL_Driver/Src/stm32f0xx_hal_tim.o
 .debug_frame   0x0000000000002958      0x4f0 Drivers/STM32F0xx_HAL_Driver/Src/stm32f0xx_hal_tim_ex.o
 .debug_frame   0x0000000000002e48       0x20 c:/st/stm32cubeide_1.0.2/stm32cubeide/plugins/com.st.stm32cube.ide.mcu.externaltools.gnu-tools-for-stm32.7-2018-q2-update.win32_1.0.0.201904181610/tools/bin/../lib/gcc/arm-none-eabi/7.3.1/../../../../arm-none-eabi/lib/thumb/v6-m\libc_nano.a(lib_a-errno.o)
 .debug_frame   0x0000000000002e68       0x2c c:/st/stm32cubeide_1.0.2/stm32cubeide/plugins/com.st.stm32cube.ide.mcu.externaltools.gnu-tools-for-stm32.7-2018-q2-update.win32_1.0.0.201904181610/tools/bin/../lib/gcc/arm-none-eabi/7.3.1/../../../../arm-none-eabi/lib/thumb/v6-m\libc_nano.a(lib_a-init.o)
 .debug_frame   0x0000000000002e94       0x20 c:/st/stm32cubeide_1.0.2/stm32cubeide/plugins/com.st.stm32cube.ide.mcu.externaltools.gnu-tools-for-stm32.7-2018-q2-update.win32_1.0.0.201904181610/tools/bin/../lib/gcc/arm-none-eabi/7.3.1/../../../../arm-none-eabi/lib/thumb/v6-m\libc_nano.a(lib_a-memset.o)
 .debug_frame   0x0000000000002eb4       0x44 c:/st/stm32cubeide_1.0.2/stm32cubeide/plugins/com.st.stm32cube.ide.mcu.externaltools.gnu-tools-for-stm32.7-2018-q2-update.win32_1.0.0.201904181610/tools/bin/../lib/gcc/arm-none-eabi/7.3.1/../../../../arm-none-eabi/lib/thumb/v6-m\libc_nano.a(lib_a-rand.o)
 .debug_frame   0x0000000000002ef8       0x30 c:/st/stm32cubeide_1.0.2/stm32cubeide/plugins/com.st.stm32cube.ide.mcu.externaltools.gnu-tools-for-stm32.7-2018-q2-update.win32_1.0.0.201904181610/tools/bin/../lib/gcc/arm-none-eabi/7.3.1/../../../../arm-none-eabi/lib/thumb/v6-m\libc_nano.a(lib_a-time.o)
 .debug_frame   0x0000000000002f28       0x2c c:/st/stm32cubeide_1.0.2/stm32cubeide/plugins/com.st.stm32cube.ide.mcu.externaltools.gnu-tools-for-stm32.7-2018-q2-update.win32_1.0.0.201904181610/tools/bin/../lib/gcc/arm-none-eabi/7.3.1/../../../../arm-none-eabi/lib/thumb/v6-m\libc_nano.a(lib_a-gettimeofdayr.o)
 .debug_frame   0x0000000000002f54       0x40 c:/st/stm32cubeide_1.0.2/stm32cubeide/plugins/com.st.stm32cube.ide.mcu.externaltools.gnu-tools-for-stm32.7-2018-q2-update.win32_1.0.0.201904181610/tools/bin/../lib/gcc/arm-none-eabi/7.3.1/../../../../arm-none-eabi/lib/thumb/v6-m\libc_nano.a(lib_a-malloc.o)
 .debug_frame   0x0000000000002f94       0x2c c:/st/stm32cubeide_1.0.2/stm32cubeide/plugins/com.st.stm32cube.ide.mcu.externaltools.gnu-tools-for-stm32.7-2018-q2-update.win32_1.0.0.201904181610/tools/bin/../lib/gcc/arm-none-eabi/7.3.1/../../../../arm-none-eabi/lib/thumb/v6-m\libc_nano.a(lib_a-nano-mallocr.o)
 .debug_frame   0x0000000000002fc0       0x48 c:/st/stm32cubeide_1.0.2/stm32cubeide/plugins/com.st.stm32cube.ide.mcu.externaltools.gnu-tools-for-stm32.7-2018-q2-update.win32_1.0.0.201904181610/tools/bin/../lib/gcc/arm-none-eabi/7.3.1/../../../../arm-none-eabi/lib/thumb/v6-m\libc_nano.a(lib_a-reent.o)
 .debug_frame   0x0000000000003008       0x2c c:/st/stm32cubeide_1.0.2/stm32cubeide/plugins/com.st.stm32cube.ide.mcu.externaltools.gnu-tools-for-stm32.7-2018-q2-update.win32_1.0.0.201904181610/tools/bin/../lib/gcc/arm-none-eabi/7.3.1/../../../../arm-none-eabi/lib/thumb/v6-m\libc_nano.a(lib_a-sbrkr.o)
 .debug_frame   0x0000000000003034       0x30 c:/st/stm32cubeide_1.0.2/stm32cubeide/plugins/com.st.stm32cube.ide.mcu.externaltools.gnu-tools-for-stm32.7-2018-q2-update.win32_1.0.0.201904181610/tools/bin/../lib/gcc/arm-none-eabi/7.3.1/../../../../arm-none-eabi/lib/thumb/v6-m\libc_nano.a(lib_a-mlock.o)
 .debug_frame   0x0000000000003064       0x20 c:/st/stm32cubeide_1.0.2/stm32cubeide/plugins/com.st.stm32cube.ide.mcu.externaltools.gnu-tools-for-stm32.7-2018-q2-update.win32_1.0.0.201904181610/tools/bin/../lib/gcc/arm-none-eabi/7.3.1/thumb/v6-m\libgcc.a(_udivsi3.o)
 .debug_frame   0x0000000000003084       0x20 c:/st/stm32cubeide_1.0.2/stm32cubeide/plugins/com.st.stm32cube.ide.mcu.externaltools.gnu-tools-for-stm32.7-2018-q2-update.win32_1.0.0.201904181610/tools/bin/../lib/gcc/arm-none-eabi/7.3.1/thumb/v6-m\libgcc.a(_divsi3.o)
 .debug_frame   0x00000000000030a4       0x34 c:/st/stm32cubeide_1.0.2/stm32cubeide/plugins/com.st.stm32cube.ide.mcu.externaltools.gnu-tools-for-stm32.7-2018-q2-update.win32_1.0.0.201904181610/tools/bin/../lib/gcc/arm-none-eabi/7.3.1/thumb/v6-m\libgcc.a(_muldi3.o)
 .debug_frame   0x00000000000030d8       0x20 c:/st/stm32cubeide_1.0.2/stm32cubeide/plugins/com.st.stm32cube.ide.mcu.externaltools.gnu-tools-for-stm32.7-2018-q2-update.win32_1.0.0.201904181610/tools/bin/../lib/gcc/arm-none-eabi/7.3.1/../../../../arm-none-eabi/lib/thumb/v6-m\libnosys.a(gettod.o)

.stab           0x0000000000000000       0x24
 .stab          0x0000000000000000       0x24 c:/st/stm32cubeide_1.0.2/stm32cubeide/plugins/com.st.stm32cube.ide.mcu.externaltools.gnu-tools-for-stm32.7-2018-q2-update.win32_1.0.0.201904181610/tools/bin/../lib/gcc/arm-none-eabi/7.3.1/../../../../arm-none-eabi/lib/thumb/v6-m\libnosys.a(gettod.o)

.stabstr        0x0000000000000000       0x4e
 .stabstr       0x0000000000000000       0x4e c:/st/stm32cubeide_1.0.2/stm32cubeide/plugins/com.st.stm32cube.ide.mcu.externaltools.gnu-tools-for-stm32.7-2018-q2-update.win32_1.0.0.201904181610/tools/bin/../lib/gcc/arm-none-eabi/7.3.1/../../../../arm-none-eabi/lib/thumb/v6-m\libnosys.a(gettod.o)